###############################
# Created by Allison Bertie Johnson 
# Working Directory: /home/abj15/Research.Project/Software/HapCol
# Online mannual: https://github.com/AlgoLab/HapCol/blob/master/README.md
###############################
5.22.2019

Unzipped HapCol-master.zip
.
.
.
[abj15@login2 HapCol]$ ls
HapCol-master  HapCol-master.zip
[abj15@login2 HapCol]$ cd HapCol-master
[abj15@login2 HapCol-master]$ ls
COPYING  data  docs  README.md  src  THIRDPARTY  Trash  utils
[abj15@login2 HapCol-master]$ mkdir -p build 
[abj15@login2 HapCol-master]$ ls
build  COPYING  data  docs  README.md  src  THIRDPARTY  Trash  utils
[abj15@login2 HapCol-master]$ cd build/
[abj15@login2 build]$ cmake ../src/
-- Configuring done
-- Generating done
-- Build files have been written to: /home/abj15/Research.Project/Software/HapCol/HapCol-master/build
[abj15@login2 build]$ make
Scanning dependencies of target hapcol
[ 16%] Building CXX object CMakeFiles/hapcol.dir/entry.cpp.o
[ 33%] Building CXX object CMakeFiles/hapcol.dir/new_columnreader.cpp.o
[ 50%] Building CXX object CMakeFiles/hapcol.dir/blockreader.cpp.o
[ 66%] Building CXX object CMakeFiles/hapcol.dir/binomial.cpp.o
[ 83%] Building CXX object CMakeFiles/hapcol.dir/basic_types.cpp.o
[100%] Building CXX object CMakeFiles/hapcol.dir/HapCol.cpp.o
Linking CXX executable hapcol
[100%] Built target hapcol
[abj15@login2 build]$

#
# Run example script from mannual
# ./hapcol -i ../docs/sample.wif -o haplotypes.txt
#

[abj15@login2 build]$ ./hapcol -i ../docs/sample.wif -o haplotypes.txt
* INFO (main        :c/HapCol.cpp:169 ) 11:43:24 | HapCol
* INFO (main        :c/HapCol.cpp:171 ) 11:43:24 | Starting...
* INFO (main        :c/HapCol.cpp:178 ) 11:43:24 | Arguments:
* INFO (main        :c/HapCol.cpp:179 ) 11:43:24 | Initialized? True
* INFO (main        :c/HapCol.cpp:180 ) 11:43:24 | Input filename: '../docs/sample.wif'
* INFO (main        :c/HapCol.cpp:181 ) 11:43:24 | Haplotype filename: 'haplotypes.txt'
* INFO (main        :c/HapCol.cpp:182 ) 11:43:24 | Discard weights? False
* INFO (main        :c/HapCol.cpp:183 ) 11:43:24 | Do not add X's? False
* INFO (main        :c/HapCol.cpp:184 ) 11:43:24 | All-heterozygous assumption? False
* INFO (main        :c/HapCol.cpp:185 ) 11:43:24 | Input as unique block? False
* INFO (main        :c/HapCol.cpp:186 ) 11:43:24 | Error rate: 0.05
* INFO (main        :c/HapCol.cpp:187 ) 11:43:24 | Alpha: 0.01
* INFO (dp          :c/HapCol.cpp:974 ) 11:44:09 | .:: Step: 500  ==>  OPT: 53
* INFO (main        :c/HapCol.cpp:275 ) 11:44:13 |
* INFO (main        :c/HapCol.cpp:277 ) 11:44:13 | OPTIMUM:  62
* INFO (main        :c/HapCol.cpp:279 ) 11:44:13 |
* INFO (main        :c/HapCol.cpp:281 ) 11:44:13 | MAX_COV:  30
* INFO (main        :c/HapCol.cpp:282 ) 11:44:13 | MAX_L:  8
* INFO (main        :c/HapCol.cpp:283 ) 11:44:13 | MAX_K:  5
* INFO (main        :c/HapCol.cpp:284 ) 11:44:13 | MAX_GAPS:  0
* INFO (main        :c/HapCol.cpp:285 ) 11:44:13 | # of blocks:  1
* INFO (main        :c/HapCol.cpp:286 ) 11:44:13 | # of columns:  549
* INFO (main        :c/HapCol.cpp:287 ) 11:44:13 | # of homozygous in input:  2
* INFO (main        :c/HapCol.cpp:289 ) 11:44:13 |
* INFO (main        :c/HapCol.cpp:291 ) 11:44:13 | X's INSERTED IN THE FIRST HAPLOTYPE:  1
* INFO (main        :c/HapCol.cpp:292 ) 11:44:13 | X's INSERTED IN THE SECOND HAPLOTYPE:  0
* INFO (main        :c/HapCol.cpp:293 ) 11:44:13 | TOTAL MISMATCHES:  62
[abj15@login2 build]$ ls
CMakeCache.txt  CMakeFiles  cmake_install.cmake  hapcol  haplotypes.txt  Makefile
[abj15@login2 build]$ more hap
hap: No such file or directory
[abj15@login2 build]$ more haplotypes.txt
101101110111110110111100101111011100011001110110100010010X10100100111001110010011100100111110011010001100010000010100010010011001100110011110011110101101001011011011010
111101001001110111101001010101111101111101000110100110101000010101011100111100111001100001111000100110000101110010010111010111011000110110010101000001010011000111010101
000001010010110101111100000101001101100111000100001001110100100111111000000111011001100111000000010001011100001010100100010001110010010011100110101111100011010011000100
011000111101101010001010101001011111110010000
010010001000001001000011010000100011100110001001011101101001011011000110001101100011011000001100101110011101111101011101101100110011001100001100001010010110100100000101
000010110110001000010110101010000010000010111001011001010111101010100011000011000110011110000111011001111010001101101000101000100111001001101010111110101100111000101010
111110101101001010000011111010110010011000111011110110001011011000000111111000100110011000111111101110100011110101011011101110001101101100011001010000011100101100111011
100111000010010101110101010110100000001101111
[abj15@login2 build]$ wc -l haplotypes.txt
2 haplotypes.txt
#############################################

