################################################################################
# Created by: Allison Bertie Johnson  
# Working Directory: /home/abj15/Research.Project/HapCut2/HapCut2-master
# Website for download: https://github.com/vibansal/HapCUT2
# Website for manual: https://github.com/vibansal/HapCUT2/blob/master/README.md
################################################################################
#
# Using Build & Install instructions from manual
#

[abj15@login2 HapCUT2-master]$ sudo make install-hairs

We trust you have received the usual lecture from the local System
Administrator. It usually boils down to these three things:

    #1) Respect the privacy of others.
    #2) Think before you type.
    #3) With great power comes great responsibility.

[sudo] password for abj15:
abj15 is not in the sudoers file.  This incident will be reported.

#

[abj15@login2 HapCUT2-master]$ make install-hapcut2
cp build/HAPCUT2 /usr/local/bin
cp: cannot stat `build/HAPCUT2': No such file or directory
make: *** [install-hapcut2] Error 1

##########################################################################
#
# IT colleague aided in the compiling process
#
# Users won’t be able to perform su-based installs on the system. This is a safeguard 
# to prevent users from making system-wide changes. Most software can still be built 
# in a home directory, but less-mature software may not provide much help in that 
# regard. In any case, I’ve compiled the executables and placed them in the build 
# directory (/home/abj15/Research.Project/HapCut2/HapCUT2-master/build) as per the 
# application README and examples they suggest (this includes the samtools and htslib 
# requisites placed in the submodules directory). Please try running some tests 
# against them to verify they’re doing what you expect.
##########################################################################
#
# Created directory: June.21.2018 to run software package on single.1mil.826T_1 dataset
#

[abj15@login2 June.21.2018]$ cp /home/abj15/Research.Project/HapCut2/HapCUT2-master/build/* .
[abj15@login2 June.21.2018]$ ls
bamread.o  common.o  extractFOSMID  extractHAIRS  fragmatrix.o  HAPCUT2  hapfragments.o  hashtable.o  pointerheap.o  readfasta.o  readinputfiles.o  readvariant.o
[abj15@login2 June.21.2018]$ cp /home/abj15/Research.Project/Datasets/single.1mil.826T_1.bwa.bam .
[abj15@login2 June.21.2018]$ cp /home/abj15/Research.Project/Datasets/single.1mil.826T_1.bwa.vcf .
[abj15@login2 June.21.2018]$ ls
bamread.o  extractFOSMID  fragmatrix.o  hapfragments.o  pointerheap.o  readinputfiles.o  single.1mil.826T_1.bwa.bam
common.o   extractHAIRS   HAPCUT2       hashtable.o     readfasta.o    readvariant.o     single.1mil.826T_1.bwa.vcf

##########################################################################
# Required input files are: .bam and .vcf 
# two step process: 
#	(1) use extractHAIRS to convert BAM file to the compact fragment file format containing 
#	only haplotype-relevant information. This is a necessary precursor step to running HapCUT2. 
#
#	(2) use HAPCUT2 to assemble fragment file into haplotype blocks.	
##########################################################################

[abj15@login2 June.21.2018]$ extractHAIRS --bam single.1mil.826T_1.bwa.bam --VCF single.1mil.826T_1.bwa.vcf --out 826T_1_fragment_file
-bash: extractHAIRS: command not found
 
# 
# Ran command through build directory pathway:  
# 

[abj15@login2 build]$ extractHAIRS --bam /home/abj15/Research.Project/Datasets/single.1mil.826T_1.bwa.bam --VCF /home/abj15/Research.Project/Datasets/single.1mil.826T_1.bwa.vcf --out single.1mil.826T_1_fragment_file
-bash: extractHAIRS: command not found
[abj15@login2 build]$ chmod +x extractHAIRS
[abj15@login2 build]$ chmod +x HAPCUT2
[abj15@login2 build]$ extractHAIRS --bam /home/abj15/Research.Project/Datasets/single.1mil.826T_1.bwa.bam --VCF /home/abj15/Research.Project/Datasets/single.1mil.826T_1.bwa.vcf --out single.1mil.826T_1_fragment_file
-bash: extractHAIRS: command not found

[abj15@login2 June.21.2018]$ /home/abj15/Research.Project/HapCut2/HapCUT2-master/build/extractHAIRS --bam single.1mil.826T_1.bwa.bam --VCF single.1mil.826T_1.bwa.vcf --out single.1mil.826T_1_frag.file
[abj15@login2 June.21.2018]$ ls
bamread.o  extractFOSMID  fragmatrix.o  hapfragments.o  pointerheap.o  readinputfiles.o  single.1mil.826T_1.bwa.bam  single.1mil.826T_1_frag.file
common.o   extractHAIRS   HAPCUT2       hashtable.o     readfasta.o    readvariant.o     single.1mil.826T_1.bwa.vcf

#
# Now using pathway through build directory for HAPCUT2 command will allow for the completion of step (2)
# this will assemble the fragment file created above into haplotye blocks.
#

[abj15@login2 June.21.2018]$ /home/abj15/Research.Project/HapCut2/HapCUT2-master/build/HAPCUT2 --fragments single.1mil.826T_1_frag.file --vcf single.1mil.826T_1.bwa.vcf --output single.1mil.826T_1_haplotype.file


[2018:06:21 17:43:30] fragment file: single.1mil.826T_1_frag.file
[2018:06:21 17:43:30] variantfile (VCF format):single.1mil.826T_1.bwa.vcf
[2018:06:21 17:43:30] haplotypes will be output to file: single.1mil.826T_1_haplotype.file
[2018:06:21 17:43:30] solution convergence cutoff: 5
[2018:06:21 17:43:30] QVoffset: 33

[2018:06:21 17:43:30] Calling Max-Likelihood-Cut based haplotype assembly algorithm
[2018:06:21 17:43:30] read 2746 variants from single.1mil.826T_1.bwa.vcf file
[2018:06:21 17:43:30] no of non-trivial connected components 32 max-Degree 22 connected variants 65 coverage-per-variant 5.984615
[2018:06:21 17:43:30] fragments 194 snps 2746 component(blocks) 32
[2018:06:21 17:43:30] processed fragment file and variant file: fragments 194 variants 2746
[2018:06:21 17:43:30] OUTPUTTING PRUNED HAPLOTYPE ASSEMBLY TO FILE single.1mil.826T_1_haplotype.file

[abj15@login2 June.21.2018]$ ls
bamread.o  extractFOSMID  fragmatrix.o  hapfragments.o  pointerheap.o  readinputfiles.o  single.1mil.826T_1.bwa.bam  single.1mil.826T_1_frag.file
common.o   extractHAIRS   HAPCUT2       hashtable.o     readfasta.o    readvariant.o     single.1mil.826T_1.bwa.vcf  single.1mil.826T_1_haplotype.file

[abj15@login2 June.21.2018]$ wc -l single.1mil.826T_1_haplotype.file
128 single.1mil.826T_1_haplotype.file

[abj15@login2 June.21.2018]$ more single.1mil.826T_1_haplotype.file
BLOCK: offset: 94 len: 2 phased: 2 SPAN: 46 fragments 3
94      1       0       chr10   113089594       C       T       0/1:104,0,48    0       .       100.00
95      0       1       chr10   113089640       C       T       0/1:42,0,134    0       .       100.00
********
BLOCK: offset: 166 len: 2 phased: 2 SPAN: 23 fragments 6
166     1       0       chr11   42226754        C       G       0/1:48,0,113    0       .       100.00
167     0       1       chr11   42226777        A       G       0/1:131,0,45    0       .       100.00
********
BLOCK: offset: 363 len: 2 phased: 2 SPAN: 4 fragments 7
363     0       1       chr12   121165315       T       C       0/1:46,0,77     0       .       100.00
364     0       1       chr12   121165319       C       A       0/1:46,0,77     0       .       100.00
********
BLOCK: offset: 504 len: 2 phased: 2 SPAN: 64 fragments 2
504     1       0       chr14   78777702        A       G       0/1:129,0,79    0       .       66.86
505     0       1       chr14   78777766        T       A       0/1:76,0,133    0       .       66.86
********
.
.
.
###########################################################################
# Aug.2.2018
# Working Directory: /home/abj15/Research.Project/Work/Aug.2.2018/HapCut2
# Run HapCut2 on single sample/individual 826T_2
# Copy bam and vcf input files into the working directory.

# Run step 1 of HapCut2 on sequence 826T_2

[abj15@login1 Aug.2.2018]$ cd HapCut2/
[abj15@login1 HapCut2]$ cp ../hapcompass/1mil.8* .
[abj15@login1 HapCut2]$ ls
1mil.826T_2.bwa.bam.sorted  1mil.827T_2.bwa.bam.sorted  1mil.832T_2.bwa.bam.sorted  1mil.847T_2.bwa.bam.sorted
1mil.826T_2.vcf             1mil.827T_2.vcf             1mil.832T_2.vcf             1mil.847T_2.vcf

[abj15@login1 HapCut2]$ mkdir run.1
[abj15@login1 HapCut2]$ cd run.1/

[abj15@login1 run.1]$ /home/abj15/Research.Project/HapCut2/HapCUT2-master/build/extractHAIRS --bam ../1mil.826T_2.bwa.bam.sorted --VCF ../1mil.826T_2.vcf --out frag.826T_2.file
Extracting haplotype informative reads from bamfiles ../1mil.826T_2.bwa.bam.sorted minQV 13 minMQ 20 maxIS 1000
VCF file ../1mil.826T_2.vcf has 6922 variants
.
.
.
chrom "chrUn_KI270744v1" not in VCF file, skipping all reads for this chrom....
chrom "chrUn_KI270745v1" not in VCF file, skipping all reads for this chrom....
chrom "chrUn_KI270749v1" not in VCF file, skipping all reads for this chrom....
chrom "chrUn_KI270750v1" not in VCF file, skipping all reads for this chrom....
processing reads mapped to chrom "chrX"
processing reads mapped to chrom "chrY"

[abj15@login1 run.1]$ ls
frag.826T_2.file

[abj15@login1 run.1]$ head frag.826T_2.file
1 ILLUMINA-BFC82F_0015_FC:7:67:2766:6172#CAGATC 210 00 FD
1 ILLUMINA-BFC82F_0015_FC:7:85:15548:1161#CAGATC 210 00 FF
1 ILLUMINA-BFC82F_0015_FC:7:85:13616:14629#CAGATC 210 11 ::
1 ILLUMINA-BFC82F_0015_FC:7:119:5633:7419#CAGATC 210 11 ::
1 ILLUMINA-BFC82F_0015_FC:7:79:7429:9219#CAGATC 257 01 FF
1 ILLUMINA-BFC82F_0015_FC:7:107:9617:7452#CAGATC 257 10 FF
1 ILLUMINA-BFC82F_0015_FC:7:109:8081:8327#CAGATC 257 10 ::
1 ILLUMINA-BFC82F_0015_FC:7:64:14953:20879#CAGATC 257 10 FF
1 ILLUMINA-BFC82F_0015_FC:7:105:11035:5900#CAGATC 257 10 DF
1 ILLUMINA-BFC82F_0015_FC:7:57:4201:20684#CAGATC 447 00 FF

#####################################################################################
# Reorganized Working Directory:/home/abj15/Research.Project/Work/Aug.2.2018/HapCut2/
#####################################################################################

[abj15@login2 Aug.2.2018]$ cd HapCut2/
[abj15@login2 HapCut2]$ ls
1mil.826T_2.bwa.bam.sorted  1mil.827T_2.bwa.bam.sorted  1mil.832T_2.bwa.bam.sorted  1mil.847T_2.bwa.bam.sorted  run.1
1mil.826T_2.vcf             1mil.827T_2.vcf             1mil.832T_2.vcf             1mil.847T_2.vcf
[abj15@login2 HapCut2]$ cd run.1/
[abj15@login2 run.1]$ ls
frag.826T_2.file
[abj15@login2 run.1]$ cd ..
[abj15@login2 HapCut2]$ mv run.1/ 826T_2
[abj15@login2 HapCut2]$ mv 1mil.826T_2.* 826T_2/
[abj15@login2 HapCut2]$ ls
1mil.827T_2.bwa.bam.sorted  1mil.827T_2.vcf  1mil.832T_2.bwa.bam.sorted  1mil.832T_2.vcf  1mil.847T_2.bwa.bam.sorted  1mil.847T_2.vcf  826T_2
[abj15@login2 HapCut2]$ mkdir 827T_2
[abj15@login2 HapCut2]$ mv 1mil.827T_2.* 827T_2/
[abj15@login2 HapCut2]$ mkdir 832T_2
[abj15@login2 HapCut2]$ mv 1mil.832T_2.* 832T_2/
[abj15@login2 HapCut2]$ mkdir 847T_2
[abj15@login2 HapCut2]$ mv 1mil.847T_2.* 847T_2/
[abj15@login2 HapCut2]$ mkdir 850T_2
[abj15@login2 HapCut2]$ cd 850T_2/
[abj15@login2 850T_2]$ cp /home/abj15/Research.Project/Work/July.26.2018/850T/1mil.850T.bwa.bam.sorted .
[abj15@login2 850T_2]$ cp /home/abj15/Research.Project/Work/July.26.2018/850T/1mil.850T.vcf .
[abj15@login2 850T_2]$ ls
1mil.850T.bwa.bam.sorted  1mil.850T.vcf
####################################################################################
# Run step 2 of HapCut2 on sequence 826T_2

[abj15@login2 826T_2]$ ls
1mil.826T_2.bwa.bam.sorted  1mil.826T_2.vcf  frag.826T_2.file
[abj15@login2 826T_2]$ /home/abj15/Research.Project/HapCut2/HapCUT2-master/build/HAPCUT2 --fragments frag.826T_2.file --vcf 1mil.826T_2.vcf --output haplotype_output_file

[2018:08:04 20:46:12] fragment file: frag.826T_2.file
[2018:08:04 20:46:12] variantfile (VCF format):1mil.826T_2.vcf
[2018:08:04 20:46:12] haplotypes will be output to file: haplotype_output_file
[2018:08:04 20:46:12] solution convergence cutoff: 5
[2018:08:04 20:46:12] QVoffset: 33

[2018:08:04 20:46:12] Calling Max-Likelihood-Cut based haplotype assembly algorithm
[2018:08:04 20:46:12] read 6922 variants from 1mil.826T_2.vcf file
[2018:08:04 20:46:12] no of non-trivial connected components 71 max-Degree 79 connected variants 149 coverage-per-variant 13.597315
[2018:08:04 20:46:12] fragments 1006 snps 6922 component(blocks) 71
[2018:08:04 20:46:12] processed fragment file and variant file: fragments 1006 variants 6922
[2018:08:04 20:46:12] OUTPUTTING PRUNED HAPLOTYPE ASSEMBLY TO FILE haplotype_output_file
[abj15@login2 826T_2]$ ls
1mil.826T_2.bwa.bam.sorted  1mil.826T_2.vcf  frag.826T_2.file  haplotype_output_file

[abj15@login2 826T_2]$ wc -l *
  210570 1mil.826T_2.bwa.bam.sorted
    7408 1mil.826T_2.vcf
    1006 frag.826T_2.file
     290 haplotype_output_file
  219274 total

[abj15@login2 826T_2]$ head haplotype_output_file
BLOCK: offset: 210 len: 2 phased: 2 SPAN: 2 fragments 4
210     0       1       chr10   87960736        G       T       0/1:34,0,56     0       .       100.00
211     0       1       chr10   87960738        G       T       0/1:34,0,54     0       .       100.00
********
BLOCK: offset: 257 len: 2 phased: 2 SPAN: 46 fragments 5
257     1       0       chr10   113089594       C       T       0/1:147,0,1     0       .       100.00
258     0       1       chr10   113089640       C       T       0/1:48,0,107    0       .       100.00
********
BLOCK: offset: 447 len: 2 phased: 2 SPAN: 23 fragments 5
447     0       1       chr11   39161654        C       T       0/1:43,0,108    0       .       30.59
############################################################
# Run step 1 of HapCut2 on sequence 827T_2

[abj15@login2 HapCut2]$ cd 827T_2/
[abj15@login2 827T_2]$ /home/abj15/Research.Project/HapCut2/HapCUT2-master/build/extractHAIRS --bam 1mil.827T_2.bwa.bam.sorted --VCF 1mil.827T_2.vcf --out frag.827T_2.output

Extracting haplotype informative reads from bamfiles 1mil.827T_2.bwa.bam.sorted minQV 13 minMQ 20 maxIS 1000

VCF file 1mil.827T_2.vcf has 8347 variants
vcffile 1mil.827T_2.vcf chromosomes 24 hetvariants 2028 8347
reading sorted bamfile 1mil.827T_2.bwa.bam.sorted
processing reads mapped to chrom "chr10"
processing reads mapped to chrom "chr11"
chrom "chr11_GL383547v1_alt" not in VCF file, skipping all reads for this chrom....
.
.
.
chrom "chrUn_KI270757v1" not in VCF file, skipping all reads for this chrom....
processing reads mapped to chrom "chrX"
processing reads mapped to chrom "chrY"
[abj15@login2 827T_2]$ ls
1mil.827T_2.bwa.bam.sorted  1mil.827T_2.vcf  frag.827T_2.output

############################################################################
# Run step 2 of HapCut2 on sequence 827T_2

[abj15@login2 827T_2]$ /home/abj15/Research.Project/HapCut2/HapCUT2-master/build/HAPCUT2 --fragments frag.827T_2.output --vcf 1mil.827T_2.vcf --output haplotype_827T_2.output

[2018:08:04 20:56:12] fragment file: frag.827T_2.output
[2018:08:04 20:56:12] variantfile (VCF format):1mil.827T_2.vcf
[2018:08:04 20:56:12] haplotypes will be output to file: haplotype_827T_2.output
[2018:08:04 20:56:12] solution convergence cutoff: 5
[2018:08:04 20:56:12] QVoffset: 33

[2018:08:04 20:56:12] Calling Max-Likelihood-Cut based haplotype assembly algorithm
[2018:08:04 20:56:12] read 8347 variants from 1mil.827T_2.vcf file
[2018:08:04 20:56:12] no of non-trivial connected components 93 max-Degree 84 connected variants 190 coverage-per-variant 11.315789
[2018:08:04 20:56:12] fragments 1075 snps 8347 component(blocks) 93
[2018:08:04 20:56:12] processed fragment file and variant file: fragments 1075 variants 8347
[2018:08:04 20:56:12] OUTPUTTING PRUNED HAPLOTYPE ASSEMBLY TO FILE haplotype_827T_2.output
[abj15@login2 827T_2]$ ls
1mil.827T_2.bwa.bam.sorted  1mil.827T_2.vcf  frag.827T_2.output  haplotype_827T_2.output
[abj15@login2 827T_2]$ wc -l *
  209941 1mil.827T_2.bwa.bam.sorted
    8833 1mil.827T_2.vcf
    1075 frag.827T_2.output
     375 haplotype_827T_2.output
  220224 total
[abj15@login2 827T_2]$ head haplotype_827T_2.output
BLOCK: offset: 76 len: 2 phased: 2 SPAN: 65 fragments 1
76      1       0       chr10   28340849        C       T       0/1:32,0,134    0       .       33.99
77      0       1       chr10   28340914        G       A       0/1:191,0,36    0       .       33.99
********
BLOCK: offset: 324 len: 2 phased: 2 SPAN: 50 fragments 7
324     0       1       chr10   113152247       C       A       0/1:57,0,148    0       .       100.00
325     0       1       chr10   113152297       C       T       0/1:76,0,150    0       .       100.00
********
BLOCK: offset: 349 len: 2 phased: 2 SPAN: 2 fragments 3
349     0       1       chr10   125719734       A       C       0/1:37,0,27     0       .       100.00

############################################################
# Run step 1 of HapCut2 on sequence 832T_2

[abj15@login2 HapCut2]$ cd 832T_2/
[abj15@login2 832T_2]$ ls
1mil.832T_2.bwa.bam.sorted  1mil.832T_2.vcf
[abj15@login2 832T_2]$ /home/abj15/Research.Project/HapCut2/HapCUT2-master/build/extractHAIRS --bam 1mil.832T_2.bwa.bam.sorted --VCF 1mil.832T_2.vcf --out frag.832T_2.output

Extracting haplotype informative reads from bamfiles 1mil.832T_2.bwa.bam.sorted minQV 13 minMQ 20 maxIS 1000

VCF file 1mil.832T_2.vcf has 7973 variants
vcffile 1mil.832T_2.vcf chromosomes 24 hetvariants 1915 7973
reading sorted bamfile 1mil.832T_2.bwa.bam.sorted
.
.
.
chrom "chrUn_KI270750v1" not in VCF file, skipping all reads for this chrom....
processing reads mapped to chrom "chrX"
processing reads mapped to chrom "chrY"

[abj15@login2 832T_2]$ wc -l *
  215459 1mil.832T_2.bwa.bam.sorted
    8459 1mil.832T_2.vcf
     996 frag.832T_2.output
  224914 total
###############################################################
# Run step 2 of HapCut2 on sequence 832T_2

[abj15@login2 832T_2]$ /home/abj15/Research.Project/HapCut2/HapCUT2-master/build/HAPCUT2 --fragments frag.832T_2.output --vcf 1mil.832T_2.vcf --output haplotype_832T_2.output


[2018:08:04 21:04:10] fragment file: frag.832T_2.output
[2018:08:04 21:04:10] variantfile (VCF format):1mil.832T_2.vcf
[2018:08:04 21:04:10] haplotypes will be output to file: haplotype_832T_2.output
[2018:08:04 21:04:10] solution convergence cutoff: 5
[2018:08:04 21:04:10] QVoffset: 33

[2018:08:04 21:04:10] Calling Max-Likelihood-Cut based haplotype assembly algorithm
[2018:08:04 21:04:10] read 7973 variants from 1mil.832T_2.vcf file
[2018:08:04 21:04:10] no of non-trivial connected components 77 max-Degree 60 connected variants 161 coverage-per-variant 12.422360
[2018:08:04 21:04:10] fragments 996 snps 7973 component(blocks) 77
[2018:08:04 21:04:10] processed fragment file and variant file: fragments 996 variants 7973
[2018:08:04 21:04:10] OUTPUTTING PRUNED HAPLOTYPE ASSEMBLY TO FILE haplotype_832T_2.output

[abj15@login2 832T_2]$ wc -l *
  215459 1mil.832T_2.bwa.bam.sorted
    8459 1mil.832T_2.vcf
     996 frag.832T_2.output
     314 haplotype_832T_2.output
  225228 total

[abj15@login2 832T_2]$ head haplotype_832T_2.output
BLOCK: offset: 85 len: 2 phased: 2 SPAN: 5 fragments 25
85      0       1       chr10   29545069        A       G       0/1:128,0,255   0       .       100.00
86      0       1       chr10   29545074        G       A       0/1:155,0,227   0       .       100.00
********
BLOCK: offset: 404 len: 2 phased: 2 SPAN: 22 fragments 2
404     1       0       chr10   131116624       G       A       0/1:31,0,31     0       .       68.63
405     0       1       chr10   131116646       A       G       0/1:56,0,55     0       .       68.63
********
BLOCK: offset: 698 len: 2 phased: 2 SPAN: 52 fragments 2
698     1       0       chr11   100295006       G       A       0/1:71,0,181    0       .       62.09

######################################################################################################
# Run step 1 of HapCut2 on sequence 847T_2

[abj15@login2 HapCut2]$ cd 847T_2/
[abj15@login2 847T_2]$ ls
1mil.847T_2.bwa.bam.sorted  1mil.847T_2.vcf
[abj15@login2 847T_2]$ /home/abj15/Research.Project/HapCut2/HapCUT2-master/build/extractHAIRS --bam 1mil.847T_2.bwa.bam.sorted --VCF 1mil.847T_2.vcf --out frag.847T_2.output

Extracting haplotype informative reads from bamfiles 1mil.847T_2.bwa.bam.sorted minQV 13 minMQ 20 maxIS 1000

VCF file 1mil.847T_2.vcf has 6540 variants
vcffile 1mil.847T_2.vcf chromosomes 24 hetvariants 1899 6540
reading sorted bamfile 1mil.847T_2.bwa.bam.sorted
processing reads mapped to chrom "chr10"
processing reads mapped to chrom "chr11"
.
.
.
chrom "chrUn_KI270754v1" not in VCF file, skipping all reads for this chrom....
processing reads mapped to chrom "chrX"
processing reads mapped to chrom "chrY"

[abj15@login2 847T_2]$ wc -l *
  206080 1mil.847T_2.bwa.bam.sorted
    7026 1mil.847T_2.vcf
    1333 frag.847T_2.output
  214439 total

##############################################################
# Run step of HapCut2 on sequence 847T_2

[abj15@login2 847T_2]$ /home/abj15/Research.Project/HapCut2/HapCUT2-master/build/HAPCUT2 --fragments frag.847T_2.output --vcf 1mil.847T_2.vcf --output haplotype_847T_2.output

[2018:08:04 21:09:50] fragment file: frag.847T_2.output
[2018:08:04 21:09:50] variantfile (VCF format):1mil.847T_2.vcf
[2018:08:04 21:09:50] haplotypes will be output to file: haplotype_847T_2.output
[2018:08:04 21:09:50] solution convergence cutoff: 5
[2018:08:04 21:09:50] QVoffset: 33

[2018:08:04 21:09:50] Calling Max-Likelihood-Cut based haplotype assembly algorithm
[2018:08:04 21:09:50] read 6540 variants from 1mil.847T_2.vcf file
[2018:08:04 21:09:51] no of non-trivial connected components 88 max-Degree 123 connected variants 184 coverage-per-variant 14.630435
[2018:08:04 21:09:51] fragments 1333 snps 6540 component(blocks) 88
[2018:08:04 21:09:51] processed fragment file and variant file: fragments 1333 variants 6540
[2018:08:04 21:09:51] OUTPUTTING PRUNED HAPLOTYPE ASSEMBLY TO FILE haplotype_847T_2.output
[abj15@login2 847T_2]$ wc -l *
  206080 1mil.847T_2.bwa.bam.sorted
    7026 1mil.847T_2.vcf
    1333 frag.847T_2.output
     359 haplotype_847T_2.output
  214798 total

[abj15@login2 847T_2]$ head haplotype_847T_2.output
BLOCK: offset: 76 len: 2 phased: 2 SPAN: 60 fragments 6
76      0       1       chr10   35608029        G       A       0/1:61,0,255    0       .       100.00
77      0       1       chr10   35608089        A       G       0/1:152,0,224   0       .       100.00
********
BLOCK: offset: 171 len: 2 phased: 2 SPAN: 42 fragments 9
171     1       0       chr10   89592851        C       A       0/1:32,0,152    0       .       100.00
172     0       1       chr10   89592893        C       T       0/1:105,0,129   0       .       100.00
********
BLOCK: offset: 311 len: 2 phased: 2 SPAN: 4 fragments 80
311     1       0       chr11   5515618 G       A       0/1:255,0,255   0       .       100.00

#############################################################################
# Run step 1 oh HapCut2 on sequence 850T_2

[abj15@login2 HapCut2]$ cd 850T_2/
[abj15@login2 850T_2]$ ls
1mil.850T.bwa.bam.sorted  1mil.850T.vcf

[abj15@login2 850T_2]$ /home/abj15/Research.Project/HapCut2/HapCUT2-master/build/extractHAIRS --bam 1mil.850T.bwa.bam.sorted --VCF 1mil.850T.vcf --out frag.850T_2.output

Extracting haplotype informative reads from bamfiles 1mil.850T.bwa.bam.sorted minQV 13 minMQ 20 maxIS 1000

VCF file 1mil.850T.vcf has 23805 variants
vcffile 1mil.850T.vcf chromosomes 24 hetvariants 3889 23805
reading sorted bamfile 1mil.850T.bwa.bam.sorted
processing reads mapped to chrom "chr10"
chrom "chr10_GL383545v1_alt" not in VCF file, skipping all reads for this chrom....
.
.
.
chrom "chrUn_KI270754v1" not in VCF file, skipping all reads for this chrom....
chrom "chrUn_KI270756v1" not in VCF file, skipping all reads for this chrom....
processing reads mapped to chrom "chrX"
processing reads mapped to chrom "chrY"
cleaning buffer for prev chrom fragments 128
final cleanup of fragment list: 25 current chrom (null) 0 prev 23

[abj15@login2 850T_2]$ wc -l *
   465970 1mil.850T.bwa.bam.sorted
    24291 1mil.850T.vcf
     3834 frag.850T_2.output
   494095 total

###############################################################################
# Run step 2 of HapCut2 on sequence 850T_2

[abj15@login2 850T_2]$ /home/abj15/Research.Project/HapCut2/HapCUT2-master/build/HAPCUT2 --fragments frag.850T_2.output --vcf 1mil.850T.vcf --output haplotype_850T_2.output

[2018:08:04 21:13:56] fragment file: frag.850T_2.output
[2018:08:04 21:13:56] variantfile (VCF format):1mil.850T.vcf
[2018:08:04 21:13:56] haplotypes will be output to file: haplotype_850T_2.output
[2018:08:04 21:13:56] solution convergence cutoff: 5
[2018:08:04 21:13:56] QVoffset: 33

[2018:08:04 21:13:56] Calling Max-Likelihood-Cut based haplotype assembly algorithm
[2018:08:04 21:13:56] read 23805 variants from 1mil.850T.vcf file
[2018:08:04 21:13:56] no of non-trivial connected components 274 max-Degree 129 connected variants 641 coverage-per-variant 12.527301
[2018:08:04 21:13:56] fragments 3834 snps 23805 component(blocks) 274
[2018:08:04 21:13:56] processed fragment file and variant file: fragments 3834 variants 23805
[2018:08:04 21:13:56] OUTPUTTING PRUNED HAPLOTYPE ASSEMBLY TO FILE haplotype_850T_2.output

[abj15@login2 850T_2]$ wc -l *
   465970 1mil.850T.bwa.bam.sorted
    24291 1mil.850T.vcf
     3834 frag.850T_2.output
     1188 haplotype_850T_2.output
   495283 total

[abj15@login2 850T_2]$ head haplotype_850T_2.output
BLOCK: offset: 27 len: 2 phased: 2 SPAN: 40 fragments 8
27      0       1       chr10   1737155 G       A       0/1:127,0,191   1       .       17.24
28      0       1       chr10   1737195 C       A       0/1:39,0,146    0       .       17.24
********
BLOCK: offset: 237 len: 3 phased: 3 SPAN: 258 fragments 5
237     1       0       chr10   25412412        C       G       0/1:255,0,255   0       .       100.00
238     0       1       chr10   25412642        G       T       0/1:83,0,80     0       .       100.00
239     -       -       chr10   25412670        C       A       0/1:34,0,30     1       .       5.46
********

################################################################
# 5.20.2019
#
# Output format from mannual
#
# Haplotype blocks are printed to the output file. For a given block, 
# column 2 represents the allele on one chromosome copy (0 for reference, 1 for variant), 
# while column 3 represents the allele on the other copy.
#
# Each block starts with a block header with the following format:
# BLOCK: offset: <SNV offset> len: <SNV span of block> phased: <# SNVs phased> SPAN: <base pair span of block> fragments <# of fragments in block>
# Following the header, there is one line per SNV with the following tab-delimited fields:
#
# 1. VCF file index (1-based index of the line in the input VCF describing variant)
# 2. allele on haploid chromosome copy A (0 means reference allele, 1 means variant allele)
# 3. allele on haploid chromosome copy B (0 means reference allele, 1 means variant allele)
# 4. chromosome
# 5. position
# 6. reference allele (allele corresponding to 0 in column 2 or 3)
# 7. variant allele (allele corresponding to 1 in column 2 or 3)
# 8. VCF genotype field (unedited, directly from original VCF)
# 9. discrete pruning status (1 means pruned, 0 means phased)
# 10. switch quality: phred-scaled estimated probability that there is a switch error starting at this SNV (0 means switch error is likely, 100 means switch is unlikely)
# 11. mismatch quality: phred-scaled estimated probability that there is a mismatch [single SNV] error at this SNV (0 means SNV is low quality, 100 means SNV is high quality)
####################################################################




