###############################################
# Created multi sample input (BAM BAI VCF)
###############################################

# copied Bertie's BAMs
cp /home/abj15/Research.Project/Datasets/chr10_PE_Cancer_data/Nov.8.2019/826T_chr10_PE/826T_chr10_PE_.bwa.bam.sorted ./826.chr10.sorted.bam
cp /home/abj15/Research.Project/Datasets/chr10_PE_Cancer_data/Nov.8.2019/827T_chr10_PE/827T_chr10_PE_.bwa.bam.sorted ./827.chr10.sorted.bam
cp /home/abj15/Research.Project/Datasets/chr10_PE_Cancer_data/Nov.8.2019/832T_chr10_PE/832T_chr10_PE_.bwa.bam.sorted ./832.chr10.sorted.bam
cp /home/abj15/Research.Project/Datasets/chr10_PE_Cancer_data/Nov.8.2019/847T_chr10_PE/847T_chr10_PE_.bwa.bam.sorted ./847.chr10.sorted.bam
cp /home/abj15/Research.Project/Datasets/chr10_PE_Cancer_data/Nov.8.2019/850T_chr10_PE/850T_chr10_PE_.bwa.bam.sorted ./850.chr10.sorted.bam
[s_m774@login2 MIHA.input.2020.1.14]$ pwd
/home/s_m774/data/MIHA.input.2020.1.14
[s_m774@login2 MIHA.input.2020.1.14]$ ls
826.chr10.sorted.bam  827.chr10.sorted.bam  832.chr10.sorted.bam  847.chr10.sorted.bam  850.chr10.sorted.bam  trash

# directory made for WhatsHAP
[s_m774@login2 data]$ cp MIHA.input.2020.1.14/*sorted* whatshap.data/
[s_m774@login2 whatshap.data]$ cp /group/hon/hon3398o/0.course.files/Data/Reference/hg38/chroms/chr10.fa ./
[s_m774@login2 whatshap.data]$ pwd
/home/s_m774/data/whatshap.data
[s_m774@login2 whatshap.data]$ ls
826.chr10.sorted.bam  827.chr10.sorted.bam  832.chr10.sorted.bam  847.chr10.sorted.bam  850.chr10.sorted.bam  trash


# tagged each bam file with read group 
[s_m774@login2 whatshap.data]$ /group/hon/hon3398o/0.course.files/software/samtools-1.9/samtools addreplacerg -r 'ID:826' -r 'SM:826.chr10' -o 826.c
hr10.rg.bam 826.chr10.sorted.bam
[s_m774@login2 whatshap.data]$ /group/hon/hon3398o/0.course.files/software/samtools-1.9/samtools addreplacerg -r 'ID:827' -o 827.c
hr10.rg.bam 827.chr10.sorted.bam


# index each bam
[s_m774@login2 whatshap.data]$ /group/hon/hon3398o/0.course.files/software/samtools-1.9/samtools index 826.chr10.rg.bam 826.chr10.rg.bai
[s_m774@login2 whatshap.data]$ /group/hon/hon3398o/0.course.files/software/samtools-1.9/samtools index 827.chr10.rg.bam 827.chr10.rg.bai
[s_m774@login2 whatshap.data]$ ls
826.chr10.rg.bai  826.chr10.sorted.bam  827.chr10.rg.bam      832.chr10.sorted.bam  850.chr10.sorted.bam
826.chr10.rg.bam  827.chr10.rg.bai      827.chr10.sorted.bam  847.chr10.sorted.bam  trash


# call SNPs with mpileup
# -g Genotype to BCF output
# -f FASTA format index
# -a AD annotate Allele Depth
# -a DP annotate Depth
# -I Indels are skipped

# get SNPs with bcftools call
# -c consensus caller
# -v variant sites only output
# -o output file


[s_m774@login2 whatshap.data]$ /group/hon/hon3398o/0.course.files/software/bcftools-1.9/bcftools mpileup -b bamList.txt -f chr10.fa | /group/hon/hon3398o/0.course.files/software/bcftools-1.9/bcftools call -cv -o 826.827.chr10.vcf

Note: none of --samples-file, --ploidy or --ploidy-file given, assuming all sites are diploid
[mpileup] 2 samples in 2 input files

[s_m774@login2 whatshap.data]$ tail 826.827.chr10.vcf
chr10   133441924       .       G       A       30.0189 .       DP=1;SGB=-0.157211;MQ0F=0;AF1=1;AC1=4;DP4=0,0,1,0;MQ=60;FQ=-27.3623       GT:PL   1/1:60,3,0      0/1:0,0,0
chr10   133442100       .       G       A       225.109 .       DP=5;VDB=0.534935;SGB=-0.950356;MQ0F=0;AF1=1;AC1=4;DP4=0,0,5,0;MQ=60;FQ=-35.6405  GT:PL   1/1:110,6,0     1/1:150,9,0
chr10   133454558       .       A       C       11.3455 .       DP=1;SGB=-0.157211;MQ0F=0;AF1=1;AC1=4;DP4=0,0,1,0;MQ=60;FQ=-27.3625       GT:PL   0/1:0,0,0       1/1:41,3,0
chr10   133454581       .       T       A       30.0189 .       DP=1;SGB=-0.157211;MQ0F=0;AF1=1;AC1=4;DP4=0,0,1,0;MQ=60;FQ=-27.3623       GT:PL   0/1:0,0,0       1/1:60,3,0
chr10   133454677       .       A       G       19.0686 .       DP=1;SGB=-0.157211;MQ0F=0;AF1=1;AC1=4;DP4=0,0,0,1;MQ=60;FQ=-27.3624       GT:PL   0/1:0,0,0       1/1:49,3,0
chr10   133497304       .       G       T       10.4272 .       DP=1;SGB=-0.157211;MQ0F=0;AF1=1;AC1=4;DP4=0,0,1,0;MQ=40;FQ=-27.3626       GT:PL   1/1:40,3,0      0/1:0,0,0
chr10   133525528       .       T       C       5.46268 .       DP=5;SGB=-0.516033;RPB=1;MQB=1;BQB=1;MQ0F=0;AF1=0.499907;AC1=2;DP4=4,0,1,0;MQ=60;FQ=7.80603;PV4=1,1.8677e-05,1,1  GT:PL   0/0:0,0,0       0/1:34,0,171
chr10   133566184       .       C       T       88.7677 .       DP=2;VDB=0.68;SGB=0.0985265;MQSB=1;MQ0F=0;AF1=1;AC1=4;DP4=0,0,1,1;MQ=60;FQ=-28.7411       GT:PL   1/1:120,6,0     1/1:0,0,0
chr10   133566206       .       A       C       84.7676 .       DP=2;VDB=0.68;SGB=0.0985265;MQSB=1;MQ0F=0;AF1=1;AC1=4;DP4=0,0,1,1;MQ=60;FQ=-28.7411       GT:PL   1/1:116,6,0     1/1:0,0,0
chr10   133659386       .       A       T       7.79817 .       DP=4;SGB=-0.516033;RPB=1;MQB=1;BQB=1;MQ0F=0;AF1=0.499956;AC1=2;DP4=3,0,1,0;MQ=43;FQ=10.431;PV4=1,0.0303153,1,1    GT:PL   0/1:37,0,89     0/1:0,0,0


# compress and index VCF
# -l level of compression
# -o output

[s_m774@login1 whatshap.data]$ /group/hon/hon3398o/0.course.files/software/bcftools-1.9/bcftools view -l 1 -o 826.827.chr10.vcf.gz 826.827.chr10.vcf
[s_m774@login1 whatshap.data]$ /group/hon/hon3398o/0.course.files/software/bcftools-1.9/bcftools index 826.827.chr10.vcf.gz                                                   


# Phase with Whatshap
[s_m774@login1 whatshap.data]$ whatshap phase -o results/phased.826.827.vcf 826.827.chr10.vcf 826.chr10.rg.bam 827.chr10.rg.bam  




WARNING: Read group "826" does not contain an SM field to assign it to a sample. Use --ignore-read-groups to use these alignments anyway.
WARNING: Read group "827" does not contain an SM field to assign it to a sample. Use --ignore-read-groups to use these alignments anyway.
Working on 2 samples from 2 families

======== Working on chromosome 'chr10'
---- Processing individual ./826.chr10.rg.bam
Using maximum coverage per sample of 15X
Number of variants skipped due to missing genotypes: 0
Number of remaining heterozygous variants: 1640
Reading alignments for sample './826.chr10.rg.bam'and detecting alleles ...
WARNING: Sample './826.chr10.rg.bam' not found in any BAM/CRAM file.
Found 0 reads covering 0 variants
Kept 0 reads that cover at least two variants each
Reducing coverage to at most 15X by selecting most informative reads ...
Selected 0 reads covering 0 variants
Best-case phasing would result in 0 non-singleton phased blocks (0 in total)
... after read selection: 0 non-singleton phased blocks (0 in total)
Variants covered by at least one phase-informative read in at least one individual after read selection: 0
Phasing 1 sample by solving the MEC problem ...
MEC cost: 0
No. of phased blocks: 0

---- Processing individual ./827.chr10.rg.bam
Using maximum coverage per sample of 15X
Number of variants skipped due to missing genotypes: 0
Number of remaining heterozygous variants: 1945
Reading alignments for sample './827.chr10.rg.bam'and detecting alleles ...
WARNING: Sample './827.chr10.rg.bam' not found in any BAM/CRAM file.
Found 0 reads covering 0 variants
Kept 0 reads that cover at least two variants each
Reducing coverage to at most 15X by selecting most informative reads ...
Selected 0 reads covering 0 variants
Best-case phasing would result in 0 non-singleton phased blocks (0 in total)
... after read selection: 0 non-singleton phased blocks (0 in total)
Variants covered by at least one phase-informative read in at least one individual after read selection: 0
Phasing 1 sample by solving the MEC problem ...
MEC cost: 0
No. of phased blocks: 0
======== Writing VCF
Done writing VCF

== SUMMARY ==
Maximum memory usage: 0.105 GB
Time spent reading BAM/CRAM:                    0.0 s
Time spent parsing VCF:                         0.6 s
Time spent selecting reads:                     0.0 s
Time spent phasing:                             0.0 s
Time spent writing VCF:                         0.5 s
Time spent finding components:                  0.0 s
Time spent on rest:                             0.4 s
Total elapsed time:                             1.6 s


https://whatshap.readthedocs.io/en/latest/guide.html#input-data-requirements

WhatsHap sees that there are two samples in it named “SampleA” and “SampleB” and expects to find the reads for these samples somewhere in the BAM/CRAM file (or files) that you provide. For that to happen, all reads belonging to a sample must have the RG tag, and at the same time, the read group must occur in the header of the BAM/CRAM file and have the correct sample name. In this example, a header might look like this:
@HD     VN:1.4  SO:coordinate
@SQ     SN:...  LN:...
...
@RG   ID:1  SM:SampleA
@RG   ID:2  SM:SampleB