###################################################################################################################################
# Created by: Allison Bertie Johnson
# Working Directory: /home/abj15/Research.Project/Software/DBM
# *no online mannual available use README.txt file
################################################################
# 5.21.2019
# Run1 on example script/files
##################################


[abj15@login2 Software]$ mkdir DBM
[abj15@login2 Software]$ ls
CSP  DBM  HapCHAT  hapcompass_v0.8.2  HapCUT  HapCut2  HapSeq2  Harsh  MixSIH  ParticleHap  PEATH  ProbHap  rbenv-master  samtools.1.9  TRASH  vcftools_0.1.13
[abj15@login2 Software]$ cd DBM/
[abj15@login2 DBM]$ ls
dbm (2).tar
[abj15@login2 DBM]$ tar xvf dbm\ \(2\).tar
ceuyri.counts
ceuyri.fix
ceuyri.liks
ceuyri.ref
ceuyri.snps
cmd.txt
dbm
plot.R
README.txt
[abj15@login2 DBM]$ ls
ceuyri.counts  ceuyri.fix  ceuyri.liks  ceuyri.ref  ceuyri.snps  cmd.txt  dbm  dbm (2).tar  plot.R  README.txt
[abj15@login2 DBM]$ more README.txt
Dynamic Bayesian Markov Model (DBM)

A Software of Haplotype Phasing and Population Structure Analysis on Next-Gen Sequencing Data.

Author: Yu Zhang

(This program runs in linux and assumes that the input data is read counts of SNPs)

----------------------------------------------------------------------------------------------------------------
<Command Line>
./dbm input [options]

Currently the program uses time to set random seeds, so each run produces slightly different results.
You may use -rseed option to fix a random seed.

----------------------------------------------------------------------------------------------------------------
<Haplotype Phasing and Fragmentation>

<Input Files>
At least two files are required for running DBM: the SNP file and the Read Count file (or Likelihood file).
(However, if you are only interested in segmenting known haplotypes, the Read Count file (or Likelihood file) may
be omitted, see cmd.txt for an example).

1) SNP file: the file contains snp information, and should be named as [input].snps, e.g., "test.snps".
The file should have at least 3 columns, but up to 6 columns will be used by DBM.
The 1st column is SNP ID, the 2nd column is chromosome number, and the 3rd column is SNP position.
For example:
rs10212 chr2 139011311
rs10231 chr2 139106492

The chromosome number should be provided in form of "chr[number]", and for chromsomes X and Y, please use integers
like chr23, chr24.
The SNPs must be ordered by their genomic locations.

One may also provide columns 4~6, which are the SNP quality and the two alternative alleles. SNP quality is used to
compute the probability that the SNP is a false positive SNP, by formula 10^(-quality / 30).
For example:
rs10212 chr2 139011311 91.5 A T
rs10231 chr2 139106492 143.1 C G

All columns should be seprated by exactly one space or one tab.

2) Read Count file: the file contains read counts of two alternative alleles per SNP per individual, and should
be named as [input].counts, e.g., "test.counts". DBM only works for bi-allelic SNPs, where multi-allelic SNPs
should be converted to psuedo bi-allelic SNPs first.

The first line of Read Count file provides individual information, for example:
"I SID I1 I1 I2 I2 I3 I3"
This tells DBM that there are 3 individuals in the file, named I1, I2, I3, respectively. Each individual has
two columns corresponding to the two read counts per SNP. The first column and the 2nd column are SNP identifiers,
but currently DBM only uses the 2nd column.

Each line after the first line provides read counts of all individuals at one SNP. The order of SNPs provided in
this file must agree with the order given in the SNP file.
For example:
"M rs10212 3 0 1 1 0 4"
"M rs10231 5 1 2 0 1 2"

This tells DBM that there are 2 SNPs, the name (2nd column) must also match to the names in the SNP file.

3) Likelihood file: DBM can also take likelihood format instead of read counts. The file name should be [input].liks,
e.g., "test.liks'. This format is to enable DBM to take other sources of data such as SNP array data, or if you
already have some tools to convert your raw data into genotype likelihoods. Similar to the read counts format,
the first line is a header line specifiying individual IDs,
for example, "I SID I1 I1 I1 I2 I2 I2 I3 I3 I3"
So there are 3 columns for each individual, corresponding to 3 genotypes (AA, Aa, aa).
Each line after the first line then specifies genotype likelihoods per SNP.
For example:
"M rs102212 0.1123 0.8513 0.0121 0.0812 0.4129 0.9381 0.9911 0.0000 0.0000"
This specifies the genotype likelihoods of 3 individuals at one SNP. The likelihoods do not have to sum to 1, but
make sure that there are no negative numbers and at least one value is >0.

To use likelihood format, you need to use option "-lik".

4) Genotype data: genotype data can be input as "read counts". For example, "30 0" "15 15" "0 30" would represent
                genotypes AA, Aa, aa, respectively. For missing genotypes or missing SNPs, use "0 0".
                If using this psuedo "read counts", you may specify "-err 0" so to tell the program that there are no sequencing error.
----------------------------------------------------------------------------------------------------------------
<Options>
1) "-sample 50 100": this tells DBM to run MCMC for 50 burnin iterations and followed by 100 samplings.
                By default, burnin=50, sampling=50.

2) "-err 0.01": this tells DBM the sequencing error rate per read per base.

3) "-fixAllele hapfile": this tells DBM to use reference haplotypes in a separate file (hapfile, any file name
                can be used here). The haplotype file contains phased haplotypes. This option may also be used if you are only
                interested in segmenting known haplotypes.

                The first line starts with "ID Chr Pos " followed by 2*m reference haplotype IDs, two IDs (may be identical) per
                diploid individual of m individuals. Starting from the 2nd line, each line represents one SNP, and the SNP must
                perfectly match to the SNPs in SNP file. The first 3 columns are the SNP information: SNP id, chromosome, and position,
                the same as in the SNP file), and the next 2*m columns specify haplotypes of m reference individuals.
                Use actual alleles if alleles are specified in the SNP file, otherwise use 0,1 values (corresponding to the alleles
                referred to by the two read counts, respectively). If some SNPs in reference are unknown, use letters other than the
                actual alleles (or if using 0 1 values, use "2") so that the program knows that the alleles are missing.
                If reference haplotypes are used, -refsz option (if specified) can be used to load the specified number of
                reference individuals, rather than the actual number of reference individuals provided.

6) "-lik":      this tells DBM that the input file is in likelihood format.

7) "-rseed 123": set a different random seed so that the MCMC can explore a different path.


///////////////////////////////////////////////////////////////////////////////////////////////////////////////////////
<Population Stratification and Local Admixture Mapping>

DBM can be used to further infer population structures and admixtures. This is done using the following options:
8) "-m 1":      this tells DBM to infer stratification or admixtures in the sample. ("-m 0" is haplotype phasing)

                DBM infer population structures in two steps:
                1) DBM infers haplotype fragments. this is done through haplotype phasing.
                2) DBM use the inferred haplotype fragments to detect population structures and admixtures.

                Therefore, one needs to run DBM twinc as follows:
                1) Input read counts, genotypes, or haplotypes as described above, to do phasing and fragmentation.
                   If haplotypes are already phased, you can input phased haplotypes as "reference haplotypes", and
                   provide a Read Count file and a SNP file containing 0 individuals with read counts (but still need to follow
                   the formats). In this way, the phased haplotypes will be fragmented by DBM and used in the next step.
                         If haplotypes are unknown, or if you know some haplotypes, but don't know some others, you can do phasing
                         here. Basically, this step is just "phasing" (even if you've done phasing through other software).
                2) After step 1, DBM outputs two files: ".pop" and ".popr" files. The former is the haplotype
                   fragmentation result, and the latter is the estimated recombination rate. Both files will be used in
                   step two for detecting population structures and admixtures.
                   In step 2, run DBM with "-m 1" option, and DBM will output ".p.pop" and ".p.popr" files, which
                   contain inferred admixture/structure, and admixture recombination rates.

                DBM does not require information of ancestral populations, in which case DBM will automatically determine
                the number of populations in the data. But providing individuals with known origins will certinaly help.
                To provide individuals with known origins, their data must be provided in step 1 either as input or as references.
                Then in step 2, use the next option to tell DBM the known origins of those individuals.

9) "-fixPop file": this tells DBM which individuals (haploids) in the data have known origins, i.e., reference individuals.
                format: each line specifies the origin of one haploid in form of "idx y1:z1 y2:z2 ...", where "x" denotes
                the haploid index in the ".pop" file, which is simply their order in the input data starting from index 0,
                "y" denotes the snp index where the origin begins, and "z" denotes the origin label.
                For example, "id15 0:0 123:1 301:0" denotes that haploid 15 (the 16th haploid) belongs to origin 0 between
                SNPs 0~122, and origin 1 between SNPs 123~300, and origin 0 again at SNP 301 and afterwards.
                The labels for origins should be consecutive positive integers starting from 0.

10) "-admixn 0": this tells DBM that there're no admixture in the data, such that DBM will simply infer the origins
                of each individual, i.e., population stratification.

                The following two command lines give one sample of running DBM for population inference:
                ./dbm input -N xxx -L yyy
                ./dbm input -N xxx -L yyy -m 1

                Another example which inputs reference genotypes:
                ./dbm input -N xxx -L yyy -refsz zzz
                ./dbm input -N (xxx+zzz) -L yyy -m 1
                (here, the input file contain xxx+zzz individuals, where the zzz individuals have known genotypes
                in form of read counts)

                One more example which inputs known haplotypes:
                ./dbm input -N xxx -L yyy -fixAllele ref.hap -refsz zzz
                ./dbm input -N (xxx+zzz) -L yyy -m 1 -fixPop org.known
                (here, reference haplotypes are provided in ref.hap, the input file may or may not contain any more individuals.
                Known origins are provided in org.known. Note that DBM assumes that reference individuals are arranged after the
                sample individuals, so make sure that the indices of those individuals with known origins are correctly provided.
                Also, note that the indices of individuals are provided for each haploid, so individual one are indexed 0 and 1,
                and individual 2 are indexed 2 and 3, etc.)

11) "-K":       maximum number of populations allowed. This can help reducing computation and sometimes # of populations may be known.
----------------------------------------------------------------------------------------------------------------
<Output Format>
The phasing result will be output to a file called [input].g, e.g., "test.g" if the input file has name "test".
The output format is similar to Read Count file, but with the read counts replaced by haplotype alleles. If in the SNP file
the actual nucleotides are provided, then the actual nucleotides will be output as haplotypes.

DBM also output ".pop" file, which is the fragmentation of haplotypes (for phasing) or population origins (for admixture mapping).
The format of the fragmentation reads as
"[haploid index] [position of fragment]:[fragment label] [position of next fragment]:[fragment label] ..."
For example:
id10 0:1 121:4 306:2
id11 0:3 109:0 507:1


----------------------------------------------------------------------------------------------------------------
"cmd.txt" lists a few command line examples for various use of DBM.

"plot.R" is a R script for ploting haplotype segmentation and "ancestral" haplotype reconstruction.
For example: use showPop1(filename) to show segmentation.
             use showAncestor1(filename) to show "ancestral" haplotype plot.
The "filename" should only include prefix of a file, e.g., "ceuyri" instead of "ceuyri.g".

----------------------------------------------------------------------------------------------------------------
Citations:

Zhang Y (2013) A dynamic Bayesian Markov model for phasing and characterizing haplotypes in next generation sequencing. Bioinformatics, 29(7):878-85.
Zhang Y (2013) De novo inference of stratification and local admixture in sequencing studies. BMC Bioinfomatics, 14(Suppl 5): S17.


Questions and Suggestions: yuzhang at psu dot edu

[abj15@login2 DBM]$
[abj15@login2 DBM]$
[abj15@login2 DBM]$ more cmd.txt
#for phasing and genotyping, call
./dbm ceuyri
#to use reference haplotypes, call
./dbm ceuyri -fixAllele ceuyri.ref
#to segment known (reference) haplotypes only, call
./dbm ceuyri -N 0 -fixAllele ceuyri.ref
#to further infer population stratification, call
./dbm ceuyri -m 1 -fixPop ceuyri.fix


#######################################################
# Running commands provided in cmd.txt
# 1st suggested command
# for phasing and genotyping, call
# ./dbm ceuyri
#######################################################
[abj15@login2 DBM]$ ./dbm ceuyri
N=20 estimated proportion of FP sites = 0.001707
N = 20(0), L = 1000, lambda=2.990200
N=20, L=1000, ploidity=2, a=0.100000
K=6
[10] itern0: .....................      K=8, lp=-3001.872344 recN=31 803/622=1.290997 (6,6.932000,8)
[20] itern1: .....................      K=7, lp=-7708.009732 recN=93 1938/921=2.104235 (4,5.672000,7)
[30] itern2: .....................      K=7, lp=-11817.857305 recN=175 2279/973=2.342240 (3,5.066000,7)
[40] itern3: .....................      K=14, lp=-16291.346588 recN=265 3392/979=3.464760 (7,9.701000,12)
.
.
.
[40] itern89S: .....................    K=9, lp=-11352.417362 recN=506 521/422=1.234597 (5,7.149000,9)
[40] itern90S: .....................    K=9, lp=-11356.758219 recN=502 543/439=1.236902 (5,7.213000,9)
[40] itern91S: .....................    K=9, lp=-11360.256984 recN=499 540/435=1.241379 (5,7.140000,9)
[40] itern92S: .....................    K=10, lp=-11436.358589 recN=533 547/431=1.269142 (5,7.061000,9)
[40] itern93S: .....................    K=9, lp=-11389.467817 recN=517 568/438=1.296804 (6,7.091000,9)
[40] itern94S: .....................    K=9, lp=-11400.682575 recN=483 553/437=1.265446 (5,6.963000,9)
[40] itern95S: .....................    K=9, lp=-11313.728635 recN=498 567/453=1.251656 (5,7.011000,9)
[40] itern96S: .....................    K=9, lp=-11290.219817 recN=473 570/448=1.272321 (5,6.945000,9)
[40] itern97S: .....................    K=9, lp=-11304.509620 recN=492 552/446=1.237668 (5,6.991000,9)
[40] itern98S: .....................    K=9, lp=-11255.407725 recN=497 600/469=1.279318 (5,7.035000,9)
[40] itern99S: .....................    K=9, lp=-11376.288408 recN=512 587/472=1.243644 (5,6.990000,9)
foward time = 0.000000 sec
backward time = 0.300000 sec
time1=6.280000 sec      time2=0.580000 sec
summarize posteriors...done
total time = 7sec
[abj15@login2 DBM]$ ls
ceuyri.counts  ceuyri.fix  ceuyri.g  ceuyri.liks  ceuyri.pop  ceuyri.popr  ceuyri.pops  ceuyri.ref  ceuyri.snps  cmd.txt  dbm  dbm (2).tar  plot.R  README.txt

#######################################
# <Output Format>
# The phasing result will be output to a file called [input].g, e.g., "test.g" if the input file has name "test".
# The output format is similar to Read Count file, but with the read counts replaced by haplotype alleles. If in the SNP file
# the actual nucleotides are provided, then the actual nucleotides will be output as haplotypes.
#
# DBM also output ".pop" file, which is the fragmentation of haplotypes (for phasing) or population origins (for admixture mapping).
# The format of the fragmentation reads as
# "[haploid index] [position of fragment]:[fragment label] [position of next fragment]:[fragment label] ..."
# For example:
# id10 0:1 121:4 306:2
# id11 0:3 109:0 507:1
#######################################



[abj15@login2 DBM]$ more ceuyri.g
ID CHR POS I1 I1 I2 I2 I3 I3 I4 I4 I5 I5 I6 I6 I7 I7 I8 I8 I9 I9 I10 I10 I11 I11 I12 I12 I13 I13 I14 I14 I15 I15 I16 I16 I17 I17 I18 I18 I19 I19 I20 I20
S0 chr1 29002141 C T C T C T C C T C C T T C C C C T C C T C C C T T C C C T T T T T T T T C T C
S1 chr1 29005709 C C G C G G G G C G G C C C G G C C G G C C C G G G C C G C C C C G G C C G C G
S2 chr1 29005993 A A A A A G A A A G G A A A G G A A A G A A A G G G A A G A A A A G G A A G A G
S3 chr1 29007134 C C C C C C C C C C C C C C C C C C G C C C C C C C C C C C C C C C C C C C C C
S4 chr1 29011006 G A A A A A A A A A G A A G A A G A A A A G G A G G G G A A A A A G A A A A A A
S5 chr1 29015422 T T T T T T T A T T T T T T T T T T T T T T T T T T T T T T T T T T T T T T T T
.
.
.
S51 chr1 29090394 C G G G G G G G C G G G G G G G G G G G G G G G G G G C G C G G G G G G G G G G
S52 chr1 29092673 G G C G C G C C G C C C G C G G C G C G C C G G G G G G G G G G G G G G G G G G
S53 chr1 29092786 C C G C G G C C C G G C C C G G C C G G C C C G G G C C G C G C C G G C C G C G

[abj15@login2 DBM]$ wc -l ceuyri.g
1001 ceuyri.g

#############################################
# Running commands provided in cmd.txt
# 2nd suggested command
# to use reference haplotypes, call
# ./dbm ceuyri -fixAllele ceuyri.ref
#############################################

[abj15@login2 DBM]$ ./dbm ceuyri -fixAllele ceuyri.ref
N=20 estimated proportion of FP sites = 0.001707
N = 30(10), L = 1000, lambda=2.990200
N=30, L=1000, ploidity=2, a=0.100000
K=7
[10] itern0: .....................      K=5, lp=-6240.978870 recN=94 489/452=1.081858 (1,2.999000,5)
[20] itern1: .....................      K=6, lp=-11816.980801 recN=141 1067/744=1.434140 (3,5.048000,6)
.
.
.
[60] itern96S: .....................    K=12, lp=-23570.425211 recN=754 715/511=1.399217 (7,9.515000,12)
[60] itern97S: .....................    K=12, lp=-23642.170458 recN=787 705/508=1.387795 (7,9.351000,12)
[60] itern98S: .....................    K=12, lp=-23724.397588 recN=789 703/504=1.394841 (7,9.358000,12)
[60] itern99S: .....................    K=12, lp=-23594.572871 recN=766 682/507=1.345168 (7,9.313000,12)
foward time = 0.000000 sec
backward time = 0.410000 sec
time1=10.910000 sec     time2=0.840000 sec
summarize posteriors...done
total time = 12sec

[abj15@login2 DBM]$ ls
ceuyri.counts  ceuyri.fix  ceuyri.g  ceuyri.liks  ceuyri.pop  ceuyri.popr  ceuyri.pops  ceuyri.ref  ceuyri.snps  cmd.txt  dbm  dbm (2).tar  plot.R  README.txt
[abj15@login2 DBM]$ more ceuyri.g
ID CHR POS R0 R0 R1 R1 R2 R2 R3 R3 R4 R4 R5 R5 R6 R6 R7 R7 R8 R8 R9 R9 I1 I1 I2 I2 I3 I3 I4 I4 I5 I5 I6 I6 I7 I7 I8 I8 I9 I9 I10 I10 I11 I11 I12 I12 I13 I13 I14 I14 I15
 I15 I16 I16 I17 I17 I18 I18 I19 I19 I20 I20
S0 chr1 29002141 T T T T T T T C T C T C C T T C T C C T C T C T C T C C T C C T T C C C C T C C C T C C T T C C T C T T C T T T T C C T
S1 chr1 29005709 C C C C C C C C C C G G G G G G G G G G C C G C G G C G C G G C C C G G C C G G C C G C G G C C C G G C G C G C C G G C
S2 chr1 29005993 A A A A A A A A A A G G G G G G G G A G A A A A A G G A A G G A A A G G A A G G A A G A G G A A A G G A G A G A A G G A
S3 chr1 29007134 C C C C C C C C C C C C C C G C C C C C C C C C C C C C C C C C C C C C C C C G C C C C C C C C C C C C C C C C C C C C
S4 chr1 29011006 A A G A A G G G G A A A A A A A G A A G G G A A A A A A A A A G A G A A G A A A G A A G G G G G A A A A A A A A A A A A
S5 chr1 29015422 T T T T T T T T T T T T T T T T T T T T T T T T T T T T T T T T T T T T T T T T T T T T T T T T T T T T T T T T T T T T
.
.
.
S49 chr1 29085505 A A A G A A A A A G G A G G A G A A G A A A G A G A G G G A G G A G A A G A G A G G A A A A A A A A A A A A A A A A A A
S50 chr1 29088161 C C C C C C C C C C C C C C T C T C C T C C C C C T C C C C C C C C C C C C C T C C T C C T C C C C T C T C T C C C T C
S51 chr1 29090394 G G C G G C C C C G G C G G G G G G G G C G G G G G G G G C G G G G G G G G G G G G G G G G G C C G G G G G G G G G G G
S52 chr1 29092673 G G G C G G G G G C C G C C G C G G C G G G C G C G C C C G C C G C G G C G C G C C G G G G G G G G G G G G G G G G G G
[abj15@login2 DBM]$ wc -l ceuyri.g
1001 ceuyri.g


#############################################
# Running commands provided in cmd.txt
# 3rd suggested command
# to segment known (reference) haplotypes only, call
# ./dbm ceuyri -N 0 -fixAllele ceuyri.ref
###############################################


[abj15@login2 DBM]$ ./dbm ceuyri -N 0 -fixAllele ceuyri.ref
N=20 estimated proportion of FP sites = 0.001707
N = 30(10), L = 1000, lambda=2.990200
N=30, L=1000, ploidity=2, a=0.100000
K=8
[10] itern0: .....................      K=5, lp=-6297.686658 recN=111 273/234=1.166667 (2,3.422000,5)
[20] itern1: .....................      K=8, lp=-12011.082489 recN=189 924/616=1.500000 (4,5.808000,8)
[30] itern2: .....................      K=7, lp=-15645.918665 recN=266 1573/848=1.854953 (4,5.875000,7)
.
.
.
[60] itern97S: .....................    K=12, lp=-23400.209500 recN=739 705/508=1.387795 (7,9.340000,12)
[60] itern98S: .....................    K=11, lp=-23322.392995 recN=729 699/488=1.432377 (7,9.355000,11)
[60] itern99S: .....................    K=11, lp=-23443.613312 recN=738 696/482=1.443983 (7,9.362000,11)
foward time = 0.000000 sec
backward time = 0.450000 sec
time1=10.080000 sec     time2=0.850000 sec
summarize posteriors...done
total time = 11sec

[abj15@login2 DBM]$ more ceuyri.g
ID CHR POS R0 R0 R1 R1 R2 R2 R3 R3 R4 R4 R5 R5 R6 R6 R7 R7 R8 R8 R9 R9 I1 I1 I2 I2 I3 I3 I4 I4 I5 I5 I6 I6 I7 I7 I8 I8 I9 I9 I10 I10 I11 I11 I12 I12 I13 I13 I14 I14 I15
 I15 I16 I16 I17 I17 I18 I18 I19 I19 I20 I20
S0 chr1 29002141 T T T T T T T C T C T C C T T C T C C T T C T C C T C C C T C T C T C C T C C C T C C T T T C C C T T T C T T T T C C T
S1 chr1 29005709 C C C C C C C C C C G G G G G G G G G G C C C G G G C G G C G C C C G G C C G G C C C G G G C C G C G C G C G C C G G C
S2 chr1 29005993 A A A A A A A A A A G G G G G G G G A G A A A A G A A G G A G A A A G G A A G G A A A G G G A A G A G A G A G A A G G A
.
.
.
S17 chr1 29040886 T T T T T C C C C C T C T C C T C C T C C T T T T C T T T T T C T T C C T T T C T T C C C C C C T C T T C T C T T T C T
S18 chr1 29041235 C C C C C C C C C C G G G G G G G G G G C C C G G G C G C C G C C C G G C C G G C C C G G G C C G C G C G C G C G C G C
S19 chr1 29041585 A A A A A A A A A A G G G G G G G G G G A A A G A G A A A A G A A A G G A A A G A A A G G G A A A A G A G A G A G A G A
S20 chr1 29043077 C C C C C C C C C C C C C G G C C C C C C C C C C G C C C C C C C C G C C C C G C C C G C C C C C C C C C C C C C C G C
[abj15@login2 DBM]$ wc -l ceuyri.g
1001 ceuyri.g

###############################################
# Running commands provided in cmd.txt
# 4th suggested command
# to further infer population stratification, call
# ./dbm ceuyri -m 1 -fixPop ceuyri.fix
###############################################

[abj15@login2 DBM]$ ./dbm ceuyri -m 1 0fixPop ceuyri.fix
N=30, L=1000, ploidity=2, a=1.000000
K=3
[60] itern0: .....................      K=7, lp=-23875.547092 recN=69 17538/1000=17.538000 (5,5.446000,7)
[60] itern1: .....................      K=9, lp=-23615.147714 recN=77 18046/1000=18.046000 (6,7.222000,9)
.
.
.
[60] itern98S: .....................    K=2, lp=-23442.337879 recN=8 12824/1000=12.824000 (2,2.000000,2)
[60] itern99S: .....................    K=2, lp=-23443.594837 recN=4 12872/1000=12.872000 (2,2.000000,2)
foward time = 0.000000 sec
backward time = 0.030000 sec
time1=6.330000 sec      time2=0.050000 sec
summarize posteriors...done
total time = 7sec

[abj15@login2 DBM]$ more ceuyri.g
ID CHR POS R0 R0 R1 R1 R2 R2 R3 R3 R4 R4 R5 R5 R6 R6 R7 R7 R8 R8 R9 R9 I1 I1 I2 I2 I3 I3 I4 I4 I5 I5 I6 I6 I7 I7 I8 I8 I9 I9 I10 I10 I11 I11 I12 I12 I13 I13 I14 I14 I15
 I15 I16 I16 I17 I17 I18 I18 I19 I19 I20 I20
S0 chr1 29002141 T T T T T T T C T C T C C T T C T C C T T C T C C T C C C T C T C T C C T C C C T C C T T T C C C T T T C T T T T C C T
S1 chr1 29005709 C C C C C C C C C C G G G G G G G G G G C C C G G G C G G C G C C C G G C C G G C C C G G G C C G C G C G C G C C G G C
S2 chr1 29005993 A A A A A A A A A A G G G G G G G G A G A A A A G A A G G A G A A A G G A A G G A A A G G G A A G A G A G A G A A G G A
S3 chr1 29007134 C C C C C C C C C C C C C C G C C C C C C C C C C C C C C C C C C C C C C C C G C C C C C C C C C C C C C C C C C C C C
.
.
.
S17 chr1 29040886 T T T T T C C C C C T C T C C T C C T C C T T T T C T T T T T C T T C C T T T C T T C C C C C C T C T T C T C T T T C T
S18 chr1 29041235 C C C C C C C C C C G G G G G G G G G G C C C G G G C G C C G C C C G G C C G G C C C G G G C C G C G C G C G C G C G C
S19 chr1 29041585 A A A A A A A A A A G G G G G G G G G G A A A G A G A A A A G A A A G G A A A G A A A G G G A A A A G A G A G A G A G A
S20 chr1 29043077 C C C C C C C C C C C C C G G C C C C C C C C C C G C C C C C C C C G C C C C G C C C G C C C C C C C C C C C C C C G C
[abj15@login2 DBM]$ wc -l ceuyri.g
1001 ceuyri.g
##################################################################################

