#####################################
# 5/12/2019 
# Working Dircetory: /home/abj15/Research.Project/Software
# Mannual: https://github.com/AlgoLab/HapCHAT/blob/master/README.md
#
# Fast Hare Availability: An implementation of FastHap is available for sharing on request.
#####################################
#
# Installing and working in HapCUT
#
####################################

[abj15@login1 ~]$ ls
hon3398o    Miniconda2-latest-Linux-x86_64.sh  Research.Project
miniconda2  my.bashrc                          trash
[abj15@login1 ~]$ cd Research.Project/
[abj15@login1 Research.Project]$ ls
Alignments  Datasets  Software  Trash  Work
[abj15@login1 Research.Project]$ cd So
-bash: cd: So: No such file or directory
[abj15@login1 Research.Project]$ cd Software/
[abj15@login1 Software]$ ls
CSP  hapcompass_v0.8.2  HapSeq2  MixSIH       PEATH    rbenv-master
DBM  HapCut2            Harsh    ParticleHap  ProbHap  vcftools_0.1.13
[abj15@login1 Software]$ pwd
/home/abj15/Research.Project/Software
[abj15@login1 Software]$ ^C
[abj15@login1 Software]$ ls
CSP  DBM  hapcompass_v0.8.2  HapCUT  HapCut2  HapSeq2  Harsh  MixSIH  ParticleHap  PEATH  ProbHap  rbenv-master  vcftools_0.1.13
[abj15@login1 Software]$ cd HapCUT/
[abj15@login1 HapCUT]$ ls
hapcut-master.zip
[abj15@login1 HapCUT]$ zip hapcut-master.zip

.
.
.

[abj15@login1 HapCUT]$ ls
hapcut-master  hapcut-master.zip
[abj15@login1 HapCUT]$ cd hapcut-master
[abj15@login1 hapcut-master]$ ls
FAQ.md  FragmentCut  hapcut-src  INSTALL  Makefile  parsebam  README.md  scripts  testdata  UPDATES
[abj15@login1 hapcut-master]$ more INSTALL
REQUIREMENTS
=============

HapCUT is written in C and requires a gcc like compiler to compile the source code. HapCUT also requires the SAMtools package (http://samtools.sourceforge.net/) to read
 BAM files.


HOW TO COMPILE THE CODE
========================

07/04/2015: The code can now be compiled by running 'make all' in the hapcut-master directory


OLD INSTRUCTIONS TO COMPILE CODE
================================

1. Download the SAMtools package from sourceforge: http://sourceforge.net/projects/samtools/files/samtools/0.1.18/
2. Unzip files in the directory 'samtools' and run 'make' in the 'samtools' directory
3. Download the hapcut-master source code and unzip to create hapcut-master directory
4. Copy the samtools directory to the hapcut-master directory or modify the Makefile to point to the location of the 'samtools' directory
5. run 'make hairs' in the hapcut-master directory and 'make HAPCUT' in the hapcut-master/hapcut-src' directory


[abj15@login1 hapcut-master]$ ls
5.12.2019     fosmiddata.chr20.fragments  fragment_matrix_NA18508.txt  INSTALL                NA18508.chr20.test.bam  README.md  UPDATES
extractHAIRS  FragmentCut                 HAPCUT                       Makefile               NA18508.chr20.test.VCF  scripts
FAQ.md        fragment_matrix_NA18508     hapcut-src                   NA12878.chr20.1KG.vcf  parsebam                testdata
[abj15@login1 hapcut-master]$ ./extractHAIRS --VCF NA18508.chr20.test.VCF --bam NA18508.chr20.test.bam --maxIS 600 > /home/abj15/Research.Project/Software/HapCUT/5.12.2019/fragment_matrix_1

 extracting haplotype informative reads from bamfiles NA18508.chr20.test.bam minQV 13 minMQ 20 maxIS 600

VCF file NA18508.chr20.test.VCF has 267 variants
vcffile NA18508.chr20.test.VCF chromosomes 1 hetvariants 188 267
reading sorted bamfile NA18508.chr20.test.bam
final cleanup of fragment list: 5727 current chrom 20 199999
[abj15@login1 hapcut-master]$

[abj15@login1 hapcut-master]$ ./HAPCUT --fragments /home/abj15/Research.Project/Software/HapCUT/5.12.2019/fragment_matrix_1 --VCF NA18508.chr20.test.VCF --output output_haplotype_file --maxiter maxiter > /home/abj15/Research.Project/Software/HapCUT/5.12.2019/hapcut1.log


fragment file: /home/abj15/Research.Project/Software/HapCUT/5.12.2019/fragment_matrix_1
variantfile (VCF format):NA18508.chr20.test.VCF
haplotypes will be output to file: output_haplotype_file
iterations of maxcut algorithm: 0
QVoffset: 33

calling MAXCUT based haplotype assembly algorithm
read 267 variants from NA18508.chr20.test.VCF file
processed fragment file and variant file: fragments 1448 variants 267
0.414336 MB memory needs to be allocated for graph edges

no of non-trivial connected components 40 max-Degree 92 connected variants 134 coverage-per-variant 23.858209
fragments 1448 snps 267 component(blocks) 40
[abj15@login1 hapcut-master]$


[abj15@login1 hapcut-master]$ cd ../5.12.2019/
[abj15@login1 5.12.2019]$ ls
fragment_matrix_1  hapcut1.log
[abj15@login1 5.12.2019]$ read hapcut1.log

-bash: read: `hapcut1.log': not a valid identifier
[abj15@login1 5.12.2019]$ more hapcut1.log

no of non-trivial connected components 40 max-Degree 92 connected variants 134 coverage-per-variant 23.858209
comp 0 first 57 last 59 phased 3 fragments 32
comp 1 first 60 last 62 phased 2 fragments 14
comp 2 first 65 last 68 phased 4 fragments 58
comp 3 first 69 last 70 phased 2 fragments 34
comp 4 first 71 last 74 phased 3 fragments 20
comp 5 first 78 last 79 phased 2 fragments 15
comp 6 first 82 last 83 phased 2 fragments 42


[abj15@login1 5.12.2019]$ cd ../hapcut-master/
[abj15@login1 hapcut-master]$ ls
5.12.2019     fosmiddata.chr20.fragments  fragment_matrix_NA18508.txt  INSTALL                NA18508.chr20.test.bam  README.md  UPDATES
extractHAIRS  FragmentCut                 HAPCUT                       Makefile               NA18508.chr20.test.VCF  scripts
FAQ.md        fragment_matrix_NA18508     hapcut-src                   NA12878.chr20.1KG.vcf  parsebam                testdata


#####################################################
#
# Second run of test data
#
#####################################################

[abj15@login1 hapcut-master]$ ./extractHAIRS --VCF NA18508.chr20.test.VCF --bam NA18508.chr20.test.bam --maxIS 600 > /home/abj15/Research.Project/Software/HapCUT/5.12.2019/fragment_matrix_2

 extracting haplotype informative reads from bamfiles NA18508.chr20.test.bam minQV 13 minMQ 20 maxIS 600

VCF file NA18508.chr20.test.VCF has 267 variants
vcffile NA18508.chr20.test.VCF chromosomes 1 hetvariants 188 267
reading sorted bamfile NA18508.chr20.test.bam
final cleanup of fragment list: 5727 current chrom 20 199999
[abj15@login1 hapcut-master]$

[abj15@login2 hapcut-master]$ ./HAPCUT --fragments /home/abj15/Research.Project/Software/HapCUT/5.12.2019/fragment_matrix_2 --VCF NA18508.chr20.test.VCF --output output_hap_2 --maxiter maxiter > /home/abj15/Research.Project/Software/HapCUT/5.12.2019/hapcut2.log


fragment file: /home/abj15/Research.Project/Software/HapCUT/5.12.2019/fragment_matrix_2
variantfile (VCF format):NA18508.chr20.test.VCF
haplotypes will be output to file: output_hap_2
iterations of maxcut algorithm: 0
QVoffset: 33

calling MAXCUT based haplotype assembly algorithm
read 267 variants from NA18508.chr20.test.VCF file
processed fragment file and variant file: fragments 1448 variants 267
0.414336 MB memory needs to be allocated for graph edges

no of non-trivial connected components 40 max-Degree 92 connected variants 134 coverage-per-variant 23.858209
fragments 1448 snps 267 component(blocks) 40
[abj15@login2 hapcut-master]$ cd ..
[abj15@login2 HapCUT]$ cd 5.12.2019/
[abj15@login2 5.12.2019]$ ls
fragment_matrix_1  fragment_matrix_2  hapcut1.log  hapcut2.log  Trash
[abj15@login2 5.12.2019]$ more hapcut2.log

no of non-trivial connected components 40 max-Degree 92 connected variants 134 coverage-per-variant 23.858209
comp 0 first 57 last 59 phased 3 fragments 32
comp 1 first 60 last 62 phased 2 fragments 14
comp 2 first 65 last 68 phased 4 fragments 58
comp 3 first 69 last 70 phased 2 fragments 34
comp 4 first 71 last 74 phased 3 fragments 20
comp 5 first 78 last 79 phased 2 fragments 15
comp 6 first 82 last 83 phased 2 fragments 42
comp 7 first 85 last 87 phased 3 fragments 22
comp 8 first 88 last 91 phased 4 fragments 34
comp 9 first 92 last 96 phased 5 fragments 52
comp 10 first 98 last 99 phased 2 fragments 20
comp 11 first 101 last 103 phased 3 fragments 32
comp 12 first 108 last 110 phased 3 fragments 42

#####################################################################
# 5.20.2019 
# output format from mannual
#
# Output file: this file contains the phased haplotype blocks generated by HapCUT. 
# Each block (connected component in the fragment matrix) has the following format:
# "BLOCK: offset:" first_variant_block "len:" length_of_block "phased": phased_variants_block SPAN: lengthspanned MECscore score fragments #fragments