From
https://github.com/AlgoLab/HapCHAT/blob/master/experiments/Snakefile

Hapchat uses several auxillary programs
----------------------------------------

# hapcut (for its extractHAIRS procedure)
# compare (a branch of whatshap for comparing with completeness measures)

# run whatshap on a bam / vcf pair
# run hapchat with increase-k and balancing on a wif file
# run hapcol on a wif file (from within a script that adapts alpha)
# run hapcut2 on a hairs file
# run probhap on a hairs file
# run a SIH method (refhap, fasthare, ..)
# obtain a wif file from a bam / vcf pair using whatshap
# obtain a hairs file from a bam / vcf pair using hapcut extract hairs
# obtain hairs using hapcut2 extract hairs

###############################
# Installed Hapchat
###############################

# Download the latest Miniconda3 in your home directory:
[me@login2 ~]$ wget https://repo.continuum.io/miniconda/Miniconda3-latest-Linux-x86_64.sh

# Set execute permissions on the installer:
[me@login2 ~]$ chmod +x Miniconda3-latest-Linux-x86_64.sh

# Run the installer:
[me@login2 ~]$ ./Miniconda3-latest-Linux-x86_64.sh

# Use space bar to read the license agreement + type "yes" here:
Do you accept the license terms? [yes|no]
[no] >>> yes

# Hit enter to install in default location shown below:
[/home/me/miniconda3] >>>

# Asked running conda init hit enter here to say "no" (default):
Do you wish the installer to initialize Miniconda3
by running conda init? [yes|no]
[no] >>>
		   
# Installation should complete
# Add the following line to the end of your .bashrc (use vi or other editor) replacing "me" with your netid:
[me@login2 ~]$ vi .bashrc
export PATH="/home/me/miniconda3/bin:$PATH"

# Log out and then back in to activate your new environment:
[me@login2 ~]$ exit



# After logging back in, make a directory (I called mine HapCHAT_build) in your home directory:
[me@login2 ~]$ mkdir HapCHAT_build

# On your desktop system, use a browser to download the HapCHAT zip file from the green "Clone or Download" button here -> https://github.com/AlgoLab/HapCHAT

# Transfer the file to your LEAP account using SCP or an FTP file transfer client and place it inside the new HapCHAT_build directory.

# HapCHAT requires Python version 3.5.2, so you will have to 
# create a secondary environment within your base Miniconda3 environment just built 
# Build a secondary Python 3.5.2-based environment called "mypython352":
[me@login2 ~]$ conda create -n mypython352 -c anaconda python=3.5.2

# Installation and creation of the new environment should complete after gathering requirements and saying "Y" to one prompt.

# Activate the new environment:
[me@login2 ~]$ source activate mypython352

# Assuming this works, your prompt should change as shown:
(mypython352) [me@login2 ~]$

# Install additional required packages for HapCHAT within the new environment:
(mypython352) [me@login2 ~]$ conda install -c anaconda virtualenv
(mypython352) [me@login2 ~]$ conda install -c anaconda networkx

# Change directory to the HapCHAT_build directory and unzip the HapCHAT archive:
(mypython352) [me@login2 ~]$ cd HapCHAT_build/
(mypython352) [me@login2 HapCHAT_build]$ unzip HapCHAT-master.zip

# Change directory to the newly created HapCHAT-master directory:
(mypython352) [me@login2 HapCHAT_build]$ cd HapCHAT-master

# Load the system GCC 7.2.0 module prior to running the setup.sh script for HapCHAT:
(mypython352) [me@login2 HapCHAT-master]$ module avail
(mypython352) [me@login2 HapCHAT-master]$ module load gcc/7.2.0
(mypython352) [me@login2 HapCHAT-master]$ module list

Currently Loaded Modulefiles:
  1) rocks-openmpi   2) gcc/7.2.0

# Run the setup.sh script:
(mypython352) [me@login2 HapCHAT-master]$ ./setup.sh


(mypython352) [s_m774@login2 HapCHAT-master]$ pwd
/home/s_m774/HapCHAT_build/HapCHAT-master

(mypython352) [s_m774@login2 HapCHAT-master]$ less example/file.vcf

#CHROM  POS     ID      REF     ALT     QUAL    FILTER  INFO    FORMAT  HG002
1       7596904 .       TC      T       .       PASS    .       GT      0/1
1       7596972 .       T       G       .       PASS    .       GT      1/1
1       7597238 .       C       T       .       PASS    .       GT      0/1
1       7598094 .       C       T       .       PASS    .       GT      0/1
1       7598422 .       TA      T       .       PASS    .       GT      0/1
1       7598609 .       A       G       .       PASS    .       GT      1/1
1       7598688 .       T       C       .       PASS    .       GT      1/1
1       7599048 .       T       TC      .       PASS    .       GT      1/1
1       7599840 .       C       T       .       PASS    .       GT      0/1
1       7600254 .       C       G       .       PASS    .       GT      1/1
1       7602543 .       T       C       .       PASS    .       GT      0/1
1       7603317 .       G       A       .       PASS    .       GT      1/1
1       7603450 .       T       C       .       PASS    .       GT      0/1
1       7609504 .       C       A       .       PASS    .       GT      0/1
1       7611138 .       G       C       .       PASS    .       GT      0/1
1       7612251 .       AC      A       .       PASS    .       GT      0/1
1       7612253 .       C       G       .       PASS    .       GT      0/1
1       7612284 .       G       A       .       PASS    .       GT      0/1

#################################
# Ran hapCHAT on sample data
# http://hapchat.algolab.eu/
#################################

# Setup the enviorenment
conda activate mypython352
module load gcc/7.2.0
module list

python HapCHAT.py

usage: HapCHAT [-h] [--output OUTPUT] [--reference FASTA] [--thr THRESHOLD]
               [--neg_thr NEG_THRESHOLD] [--error_rate ERROR_RATE]
               [--max_err MAX_ERR] [--seed SEED] [--max_coverage MAXCOV]
               VCF BAM


[s_m774@login1 HapCHAT-master]$ python HapCHAT.py example/file.vcf example/file.bam > hapchatOutput.txt
[s_m774@login1 HapCHAT-master]$ diff hapchatOutput.txt example/file.vcf

1020,1027c1020,1027
< 1     9010254 .       C       T       .       PASS    .       GT:PS   1|0:9010254
< 1     9010570 .       T       A       .       PASS    .       GT:PS   1|0:9010254
< 1     9010807 .       G       T       .       PASS    .       GT:PS   1|0:9010254
< 1     9010984 .       A       C       .       PASS    .       GT:PS   1|0:9010254
< 1     9011046 .       A       G       .       PASS    .       GT:PS   1|0:9010254
< 1     9011537 .       G       A       .       PASS    .       GT:PS   1|0:9010254
< 1     9011586 .       T       G       .       PASS    .       GT:PS   1|0:9010254
< 1     9011722 .       G       T       .       PASS    .       GT:PS   1|0:9010254
---
> 1     9010254 .       C       T       .       PASS    .       GT      0/1
> 1     9010570 .       T       A       .       PASS    .       GT      0/1
> 1     9010807 .       G       T       .       PASS    .       GT      0/1
> 1     9010984 .       A       C       .       PASS    .       GT      0/1
> 1     9011046 .       A       G       .       PASS    .       GT      0/1
> 1     9011537 .       G       A       .       PASS    .       GT      0/1
> 1     9011586 .       T       G       .       PASS    .       GT      0/1
> 1     9011722 .       G       T       .       PASS    .       GT      0/1
1030,1032c1030,1032
< 1     9012776 .       C       T       .       PASS    .       GT:PS   1|0:9010254
< 1     9013096 .       T       C       .       PASS    .       GT:PS   0|1:9010254
< 1     9013970 .       G       A       .       PASS    .       GT:PS   1|0:9010254
---
> 1     9012776 .       C       T       .       PASS    .       GT      0/1
> 1     9013096 .       T       C       .       PASS    .       GT      0/1
> 1     9013970 .       G       A       .       PASS    .       GT      0/1


# HapCHAT required the directory .file.bam.hx_/ in order to run

[s_m774@login2 example]$ mv .file.bam.hx_/ trash/
[s_m774@login2 example]$ cd ..
[s_m774@login2 HapCHAT-master]$ python HapCHAT.py example/file.vcf example/file.bam
awk: cmd. line:1: fatal: cannot open file `example/.file.bam.hx_/raw.wif.merged_e15_m25_t6_n3.wif' for reading (No such file or directory)
awk: cmd. line:1: fatal: cannot open file `example/.file.bam.hx_/raw.wif.merged_e15_m25_t6_n3.wif' for reading (No such file or directory)
Traceback (most recent call last):
  File "/gpfs/home/s_m774/HapCHAT_build/HapCHAT-master/scripts/wiftools.py", line 219, in <module>
    for line in open(filename, 'r') :
FileNotFoundError: [Errno 2] No such file or directory: 'example/.file.bam.hx_/raw.wif'







# Ran real data
cp /home/s_s355/research3/NGS.hap.run/Dec27.2019.run.HapCHAT/HapCHAT-master/NA12878.Dec27.2019/NA12878_S1_chr10.vcf realdata.2020.1.3/
[s_m774@login2 HapCHAT-master]$ cp /home/s_s355/research3/NGS.hap.run/Dec27.2019.run.HapCHAT/HapCHAT-master/NA12878.Dec27.2019/NA12878_S1_chr10.sorted.bam realdata.2020.1.3/
[s_m774@login2 HapCHAT-master]$ python HapCHAT.py realdata.2020.1.3/NA12878.chr10.vcf realdata.2020.1.3/NA12878.chr10.bam

awk: cmd. line:1: fatal: cannot open file `realdata.2020.1.3/.NA12878.chr10.bam.hx_/raw.wif.merged_e15_m25_t6_n3.wif' for reading (No such file or directory)

awk: cmd. line:1: fatal: cannot open file `realdata.2020.1.3/.NA12878.chr10.bam.hx_/raw.wif.merged_e15_m25_t6_n3.wif' for reading (No such file or directory)

Traceback (most recent call last):
  File "/gpfs/home/s_m774/HapCHAT_build/HapCHAT-master/scripts/wiftools.py", line 219, in <module>
    for line in open(filename, 'r') :
FileNotFoundError: [Errno 2] No such file or directory: 'realdata.2020.1.3/.NA12878.chr10.bam.hx_/raw.wif'




# Deactivate Python 3.5.2 environment if no longer needed
(mypython352) [me@login2 HapCHAT-master]$ conda deactivate mypython352








