#################################
# Installed WhatsHap
#################################

[s_m774@login1 whatshap]$ pwd
/home/s_m774/whatshap


[s_m774@login1 whatshap]$ module -V conda
VERSION=3.2.10
DATE=2012-12-21


# whatshap does not use math kernal library (nomkl)
[s_m774@login1 whatshap]$ conda install whatshap nomkl    


# Make sure Bioconda is enabled
[s_m774@login1 whatshap]$ conda config --show-sources
==> /home/s_m774/.condarc <==
channels:
  - conda-forge
  - bioconda
  - defaults



[s_m774@login1 whatshap]$ cp /home/abj15/Research.Project/Datasets/NA12878/wget/9.10.2019.wget.BAM.NA12878.chr10.hg19/NA12878_S1_chr10.vcf ./NA.chr10.vcf
[s_m774@login1 whatshap]$ cp /home/abj15/Research.Project/Datasets/NA12878/wget/9.10.2019.wget.BAM.NA12878.chr10.hg19/NA12878_S1_chr10.bam.sorted  ./NA.chr10.bam.sorted
[s_m774@login1 whatshap]$ cp /home/abj15/Research.Project/Datasets/NA12878/wget/9.10.2019.wget.BAM.NA12878.chr10.hg19/NA12878_S1_chr10.bam.sorted.bai ./NA.chr10.bam.sorted.bai
[s_m774@login1 whatshap]$ head -n 100 NA.chr10.vcf > NA.chr10.100line.vcf


[s_m774@login1 whatshap]$ less NA.chr10.vcf
##bcftools_callCommand=call -c -v -o NA12878_S1_chr10.vcf NA12878_S1_chr10.bcf; Date=Thu Sep 12 06:23:38 2019
#CHROM  POS     ID      REF     ALT     QUAL    FILTER  INFO    FORMAT  NA12878
chr10   66957   .       C       T       32.0097 .       DP=25;VDB=0.169891;SGB=-0.651104;RPB=0.0979828;MQB=0.68264;MQSB=0.0856131;BQB=0.998305;MQ0F=0.2;AF1=0.5;AC1=1;DP4=6,11,5,3;MQ=21;FQ=35.0165;PV4=0.389169,1,1,0.0642211  GT:PL   0/1:62,0,121
chr10   67774   .       G       C       30.0113 .       DP=10;VDB=0.789602;SGB=-0.556411;RPB=0.727822;MQB=0.335918;MQSB=1;BQB=0.895781;MQ0F=0.3;AF1=0.50001;AC1=1;DP4=6,0,3,1;MQ=26;FQ=16.9948;PV4=0.4,0.456698,1,0.23351       GT:PL   0/1:60,0,44
chr10   69071   .       G       A       58.0073 .       DP=15;VDB=0.0476385;SGB=-0.636426;RPB=0.0289435;MQB=0.269146;MQSB=0.941512;BQB=0.87319;MQ0F=0.2;AF1=0.500001;AC1=1;DP4=3,5,4,3;MQ=21;FQ=28.0197;PV4=0.61927,1,1,1       GT:PL   0/1:88,0,55
chr10   69083   .       C       T       76.0075 .       DP=19;VDB=0.0536032;SGB=-0.651104;RPB=0.686704;MQB=0.825504;MQSB=0.805456;BQB=0.51264;MQ0F=0.0526316;AF1=0.5;AC1=1;DP4=8,3,5,3;MQ=27;FQ=76.0053;PV4=1,0.223934,1,1      GT:PL   0/1:106,0,106
chr10   69967   .       T       C       26.2731 .       DP=5;VDB=0.557348;SGB=-0.590765;MQSB=1;MQ0F=0.6;AF1=1;AC1=2;DP4=0,0,1,4;MQ=18;FQ=-41.9862       GT:PL   1/1:59,15,0
chr10   71350   .       A       G       18.075  .       DP=10;VDB=0.0537672;SGB=-0.590765;RPB=0.952347;MQB=0.952347;MQSB=0.761877;BQB=0.952347;MQ0F=0.3;AF1=0.499999;AC1=1;DP4=2,3,3,2;MQ=20;FQ=18.9462;PV4=1,1,1,0.25581       GT:PL   0/1:48,0,50
chr10   71776   .       T       C       136.008 .       DP=25;VDB=0.0955495;SGB=-0.683931;RPB=0.808142;MQB=0.0735737;MQSB=0.96813;BQB=0.939413;MQ0F=0;AF1=0.5;AC1=1;DP4=9,3,10,3;MQ=37;FQ=139.012;PV4=1,1,0.0540352,1   GT:PL   0/1:166,0,196

#################
# Ran WhatsHap
#################

# Files needed: VCF BAM BAI
[s_m774@login1 whatshap]$ whatshap phase NA.chr10.100line.vcf NA.chr10.bam.sorted > phasedNA.txt 


[s_m774@login1 whatshap]$ whatshap phase NA.chr10.100line.vcf NA.chr10.bam.sorted > phasedNA.txt
This is WhatsHap 0.18 running under Python 3.7.4
Working on 1 samples from 1 family
======== Working on chromosome 'chr10'
---- Processing individual NA12878
Using maximum coverage per sample of 15X
Number of variants skipped due to missing genotypes: 0
Number of remaining heterozygous variants: 37
Reading alignments for sample 'NA12878'and detecting alleles ...
Found 406 reads covering 37 variants
Kept 92 reads that cover at least two variants each
Reducing coverage to at most 15X by selecting most informative reads ...
Selected 74 reads covering 32 variants
Best-case phasing would result in 5 non-singleton phased blocks (5 in total)
... after read selection: 5 non-singleton phased blocks (5 in total)
Variants covered by at least one phase-informative read in at least one individual after read selection: 32
Phasing 1 sample by solving the MEC problem ...
MEC cost: 39
No. of phased blocks: 5
Largest component contains 16 variants (50.0% of accessible variants) between position 91342 and 99101
======== Writing VCF
Done writing VCF

== SUMMARY ==
Maximum memory usage: 0.099 GB
Time spent reading BAM/CRAM:                  296.9 s
Time spent parsing VCF:                         0.0 s
Time spent selecting reads:                     0.0 s
Time spent phasing:                             0.0 s
Time spent writing VCF:                         0.0 s
Time spent finding components:                  0.0 s
Time spent on rest:                             0.1 s
Total elapsed time:                           297.0 s



[s_m774@login1 whatshap]$ less phasedNA.txt
##contig=<ID=chrY,length=59373566>
#CHROM  POS     ID      REF     ALT     QUAL    FILTER  INFO    FORMAT  NA12878
chr10   66957   .       C       T       32.0097 .       DP=25;VDB=0.169891;RPB=0.0979828;MQB=0.68264;BQB=0.998305;MQSB=0.0856131;SGB=-0.651104;MQ0F=0.2;AF1=0.5;AC1=1.0;MQ=21;FQ=35.0165;PV4=0.389169,1.0,1.0,0.0642211;DP4=6,11,5,3    GT:PL:PS        1|0:62,0,121:66957
chr10   67774   .       G       C       30.0113 .       DP=10;VDB=0.789602;RPB=0.727822;MQB=0.335918;BQB=0.895781;MQSB=1.0;SGB=-0.556411;MQ0F=0.3;AF1=0.50001;AC1=1.0;MQ=26;FQ=16.9948;PV4=0.4,0.456698,1.0,0.23351;DP4=6,0,3,1 GT:PL   0/1:60,0,44
chr10   69071   .       G       A       58.0073 .       DP=15;VDB=0.0476385;RPB=0.0289435;MQB=0.269146;BQB=0.87319;MQSB=0.941512;SGB=-0.636426;MQ0F=0.2;AF1=0.500001;AC1=1.0;MQ=21;FQ=28.0197;PV4=0.61927,1.0,1.0,1.0;DP4=3,5,4,3       GT:PL:PS        1|0:88,0,55:66957
chr10   69083   .       C       T       76.0075 .       DP=19;VDB=0.0536032;RPB=0.686704;MQB=0.825504;BQB=0.51264;MQSB=0.805456;SGB=-0.651104;MQ0F=0.0526316;AF1=0.5;AC1=1.0;MQ=27;FQ=76.0053;PV4=1.0,0.223934,1.0,1.0;DP4=8,3,5,3      GT:PL:PS        1|0:106,0,106:66957
chr10   69967   .       T       C       26.2731 .       DP=5;VDB=0.557348;MQSB=1.0;SGB=-0.590765;MQ0F=0.6;AF1=1.0;AC1=2.0;MQ=18;FQ=-41.9862;DP4=0,0,1,4 GT:PL   1/1:59,15,0
chr10   71350   .       A       G       18.075  .       DP=10;VDB=0.0537672;RPB=0.952347;MQB=0.952347;BQB=0.952347;MQSB=0.761877;SGB=-0.590765;MQ0F=0.3;AF1=0.499999;AC1=1.0;MQ=20;FQ=18.9462;PV4=1.0,1.0,1.0,0.25581;DP4=2,3,3,2       GT:PL:PS        1|0:48,0,50:71350


###############################################
# Created multi sample input (BAM BAI VCF)
###############################################

# Workflow 
https://whatshap.readthedocs.io/en/latest/guide.html#using-multiple-input-bam-cram-files
You need to make sure that read group information is accurate in all files.
WhatsHap supports reading from multiple BAM or CRAM files. Just provide all BAM and CRAM files you want to use on the command-line. All the reads across all those files that to a specific sample are used to phase that sample. This can be used to combine reads from multiple technologies.

# Created a directory with the existing dataset for samples 826 827 832 847 850

[s_m774@login1 ~]$ mkdir data/MIHA.input.2020.1.14
[s_m774@login1 data]$ cp samtools/7.28/*.sorted.bam MIHA.input.2020.1.14
[s_m774@login1 data]$ cp bcftools/7.28/*.vcf MIHA.input.2020.1.14


[s_m774@login1 MIHA.input.2020.1.14]$ pwd
/home/s_m774/data/MIHA.input.2020.1.14

[s_m774@login1 MIHA.input.2020.1.14]$ ls
826.sorted.bam  826.vcf  827.sorted.bam  827.vcf  832.sorted.bam  832.vcf  847.sorted.bam  847.vcf  850.sorted.bam  850.vcf


[s_m774@login1 data]$ mkdir whatshap.data
[s_m774@login1 data]$ cp MIHA.input.2020.1.14/826.sorted.bam whatshap.data/
[s_m774@login1 data]$ cp MIHA.input.2020.1.14/826.vcf whatshap.data/
[s_m774@login1 data]$ cp MIHA.input.2020.1.14/827.vcf whatshap.data/
[s_m774@login1 data]$ cp MIHA.input.2020.1.14/827.sorted.bam whatshap.data/

# Created bam index files
[s_m774@login1 whatshap.data]$ pwd
/home/s_m774/data/whatshap.data
[s_m774@login1 whatshap.data]$ /group/hon/hon3398o/0.course.files/software/samtools-1.9/samtools index 826.sorted.bam 826.sorted.bai
[s_m774@login1 whatshap.data]$ /group/hon/hon3398o/0.course.files/software/samtools-1.9/samtools index 827.sorted.bam 827.sorted.bai

[s_m774@login1 whatshap.data]$ ls
826.sorted.bai  826.sorted.bam  826.vcf  827.sorted.bai  827.sorted.bam  827.vcf


# Prepare merged vcf
# step 1: zip vcf
[s_m774@login1 whatshap.data]$ /group/hon/hon3398o/0.course.files/software/bcftools-1.9/bcftools merge -o 826.827.vcf 826.vcf 827.vcf
Failed to open 826.vcf: not compressed with bgzip

[s_m774@login1 whatshap.data]$ /group/hon/hon3398o/0.course.files/software/bcftools-1.9/bcftools view -l 1 -o 826.vcf.gz
 826.vcf

[s_m774@login1 whatshap.data]$ /group/hon/hon3398o/0.course.files/software/bcftools-1.9/bcftools view -l 1 -o 827.vcf.gz
 827.vcf

# step 2: index vcf
[s_m774@login1 whatshap.data]$ /group/hon/hon3398o/0.course.files/software/bcftools-1.9/bcftools merge -o 826.827.vcf 826.vcf.gz 827.vcf.gz
Failed to open 826.vcf.gz: could not load index

[s_m774@login1 whatshap.data]$ /group/hon/hon3398o/0.course.files/software/bcftools-1.9/bcftools index 826.vcf.gz
[s_m774@login1 whatshap.data]$ /group/hon/hon3398o/0.course.files/software/bcftools-1.9/bcftools index 827.vcf.gz
[s_m774@login1 whatshap.data]$ ls
826.sorted.bai  826.vcf     826.vcf.gz.csi  827.sorted.bam  827.vcf.gz
826.sorted.bam  826.vcf.gz  827.sorted.bai  827.vcf         827.vcf.gz.csi

# step 3: merge vcf
[s_m774@login1 whatshap.data]$ /group/hon/hon3398o/0.course.files/software/bcftools-1.9/bcftools merge -o 826.827.vcf 826.vcf.gz 827.vcf.gz



# step 4: phase with whatshap
[s_m774@login1 whatshap.data]$ whatshap phase -o results/phased.826.827.vcf  826.827.vcf 826.sorted.bam 827.sorted.bam 


---- Processing individual 827.sorted.bam
Using maximum coverage per sample of 15X
Number of variants skipped due to missing genotypes: 0
Number of remaining heterozygous variants: 0
Reading alignments for sample '827.sorted.bam'and detecting alleles ...
WARNING: Sample '827.sorted.bam' not found in any BAM/CRAM file.
Found 0 reads covering 0 variants
Kept 0 reads that cover at least two variants each
Reducing coverage to at most 15X by selecting most informative reads ...
Selected 0 reads covering 0 variants
Best-case phasing would result in 0 non-singleton phased blocks (0 in total)
... after read selection: 0 non-singleton phased blocks (0 in total)
Variants covered by at least one phase-informative read in at least one individual after read selection: 0
Phasing 1 sample by solving the MEC problem ...
MEC cost: 0
No. of phased blocks: 0
======== Writing VCF
Done writing VCF
======== Working on chromosome 'chrUn_KI270757v1'
---- Processing individual 826.sorted.bam
Using maximum coverage per sample of 15X
Number of variants skipped due to missing genotypes: 3
Number of remaining heterozygous variants: 0
Reading alignments for sample '826.sorted.bam'and detecting alleles ...
WARNING: Sample '826.sorted.bam' not found in any BAM/CRAM file.
Found 0 reads covering 0 variants
Kept 0 reads that cover at least two variants each
Reducing coverage to at most 15X by selecting most informative reads ...
Selected 0 reads covering 0 variants
Best-case phasing would result in 0 non-singleton phased blocks (0 in total)
... after read selection: 0 non-singleton phased blocks (0 in total)
Variants covered by at least one phase-informative read in at least one individual after read selection: 0
Phasing 1 sample by solving the MEC problem ...
MEC cost: 0
No. of phased blocks: 0
---- Processing individual 827.sorted.bam
Using maximum coverage per sample of 15X
Number of variants skipped due to missing genotypes: 0
Number of remaining heterozygous variants: 0
Reading alignments for sample '827.sorted.bam'and detecting alleles ...
WARNING: Sample '827.sorted.bam' not found in any BAM/CRAM file.
Found 0 reads covering 0 variants
Kept 0 reads that cover at least two variants each
Reducing coverage to at most 15X by selecting most informative reads ...
Selected 0 reads covering 0 variants
Best-case phasing would result in 0 non-singleton phased blocks (0 in total)
... after read selection: 0 non-singleton phased blocks (0 in total)
Variants covered by at least one phase-informative read in at least one individual after read selection: 0
Phasing 1 sample by solving the MEC problem ...
MEC cost: 0
No. of phased blocks: 0
======== Writing VCF
Done writing VCF

== SUMMARY ==
Maximum memory usage: 0.122 GB
Time spent reading BAM/CRAM:                    0.0 s
Time spent parsing VCF:                         1.3 s
Time spent selecting reads:                     0.0 s
Time spent phasing:                             0.0 s
Time spent writing VCF:                         2.1 s
Time spent finding components:                  0.0 s
Time spent on rest:                             0.8 s
Total elapsed time:                             4.2 s

[s_m774@login1 whatshap.data]$ tail results/phased.826.827.vcf
chrUn_KI270516v1        142     .       C       T       11.1139 .       DP=2;VDB=0.02;SGB=-0.453602;MQ0F=0.0;AF1=1.0;AC1=2.0;MQ=23;FQ=-32.9882;DP4=0,0,0,2      GT:PL:DP:AD     ./.:.:.:.       1/1:42,6,0:2:0,2
chrUn_KI270516v1        146     .       C       T       11.1139 .       DP=2;VDB=0.02;SGB=-0.453602;MQ0F=0.0;AF1=1.0;AC1=2.0;MQ=23;FQ=-32.9882;DP4=0,0,0,2      GT:PL:DP:AD     ./.:.:.:.       1/1:42,6,0:2:0,2
chrUn_KI270519v1        50638   .       A       G       79.5134 .       DP=4;VDB=0.0058656;SGB=-0.556411;MQ0F=0.0;AF1=1.0;AC1=2.0;MQ=37;FQ=-38.9864;DP4=0,0,4,0 GT:PL:DP:AD     ./.:.:.:.       1/1:112,12,0:4:0,4
chrUn_KI270744v1        109178  .       C       T       28.7701 .       DP=2;VDB=0.02;SGB=-0.453602;MQ0F=0.0;AF1=1.0;AC1=2.0;MQ=33;FQ=-32.988;DP4=0,0,2,0       GT:PL:DP:AD     ./.:.:.:.       1/1:60,6,0:2:0,2
chrUn_KI270744v1        109188  .       G       T       19.0264 .       DP=3;VDB=0.991985;MQSB=1.0;SGB=-0.511536;MQ0F=0.0;AF1=1.0;AC1=2.0;MQ=32;FQ=-35.9869;DP4=0,0,2,1 GT:PL:DP:AD     ./.:.:.:.       1/1:51,9,0:3:0,3
chrUn_KI270744v1        109322  .       A       G       29.1197 .       DP=3;VDB=0.02;RPB=1.0;MQB=1.0;BQB=1.0;MQSB=1.0;SGB=-0.453602;MQ0F=0.0;AF1=0.512851;AC1=1.0;MQ=33;FQ=-14.1557;PV4=0.333333,1.0,1.0,0.0;DP4=1,0,0,2       GT:PL:DP:AD    ./.:.:.:.        0/1:59,0,13:3:1,2
chrUn_KI270754v1        36070   .       C       A       21.7931 .       DP=2;VDB=0.02;SGB=-0.453602;MQ0F=0.0;AF1=1.0;AC1=2.0;MQ=29;FQ=-32.988;DP4=0,0,2,0       GT:PL:DP:AD     ./.:.:.:.       1/1:53,6,0:2:0,2
chrUn_KI270757v1        16096   .       A       C       12.0443 .       DP=2;VDB=0.02;SGB=-0.453602;MQ0F=0.0;AF1=1.0;AC1=2.0;MQ=24;FQ=-32.9882;DP4=0,0,2,0      GT:PL:DP:AD     ./.:.:.:.       1/1:43,6,0:2:0,2
chrUn_KI270757v1        16203   .       G       A       4.60864 .       DP=2;VDB=0.02;SGB=-0.453602;MQ0F=0.0;AF1=1.0;AC1=2.0;MQ=24;FQ=-32.9897;DP4=0,0,0,2      GT:PL:DP:AD     ./.:.:.:.       1/1:34,6,0:2:0,2
chrUn_KI270757v1        16221   .       G       T       12.0443 .       DP=2;VDB=0.02;SGB=-0.453602;MQ0F=0.0;AF1=1.0;AC1=2.0;MQ=24;FQ=-32.9882;DP4=0,0,0,2      GT:PL:DP:AD     ./.:.:.:.       1/1:43,6,0:2:0,2




# Meeting Jan 17

